Component: ARM Compiler 5.06 update 7 (build 960) Tool: armlink [4d3601]

==============================================================================

Section Cross References

    main.o(i.Hardware_Init) refers to misc.o(i.NVIC_PriorityGroupConfig) for NVIC_PriorityGroupConfig
    main.o(i.Hardware_Init) refers to delay.o(i.delay_init) for delay_init
    main.o(i.Hardware_Init) refers to lcd.o(i.LCD_Init) for LCD_Init
    main.o(i.Hardware_Init) refers to lcd.o(i.LCD_Clear) for LCD_Clear
    main.o(i.Hardware_Init) refers to gui.o(i.Gui_DrawFont_GBK16) for Gui_DrawFont_GBK16
    main.o(i.Hardware_Init) refers to usart.o(i.Usart1_Init) for Usart1_Init
    main.o(i.Hardware_Init) refers to esp8266.o(i.Usart2_Init) for Usart2_Init
    main.o(i.Hardware_Init) refers to led.o(i.LED_Init) for LED_Init
    main.o(i.Hardware_Init) refers to hc_sr501.o(i.SR501_Init) for SR501_Init
    main.o(i.Hardware_Init) refers to hc_sr04.o(i.Hcsr04Init) for Hcsr04Init
    main.o(i.Hardware_Init) refers to adc_dma.o(i.ADCx_Init) for ADCx_Init
    main.o(i.Hardware_Init) refers to dht11.o(i.DHT11_GPIO_Config) for DHT11_GPIO_Config
    main.o(i.Hardware_Init) refers to bh1750.o(i.BH1750_Init) for BH1750_Init
    main.o(i.Hardware_Init) refers to key.o(i.KEY_Init) for KEY_Init
    main.o(i.Hardware_Init) refers to beep.o(i.BEEP_Init) for BEEP_Init
    main.o(i.Hardware_Init) refers to pwm.o(i.PWM_TIM_Init) for PWM_TIM_Init
    main.o(i.Hardware_Init) refers to stm32f10x_tim.o(i.TIM_SetCompare3) for TIM_SetCompare3
    main.o(i.Net_Init) refers to esp8266.o(i.ESP8266_Init) for ESP8266_Init
    main.o(i.Net_Init) refers to delay.o(i.delay_ms) for delay_ms
    main.o(i.Net_Init) refers to onenet.o(i.OneNet_DevLink) for OneNet_DevLink
    main.o(i.Net_Init) refers to gui.o(i.Gui_DrawFont_GBK16) for Gui_DrawFont_GBK16
    main.o(i.main) refers to main.o(i.Hardware_Init) for Hardware_Init
    main.o(i.main) refers to main.o(i.Net_Init) for Net_Init
    main.o(i.main) refers to timer.o(i.GENERAL_TIM_Init) for GENERAL_TIM_Init
    main.o(i.main) refers to lcd.o(i.LCD_Clear) for LCD_Clear
    main.o(i.main) refers to gui.o(i.Gui_DrawFont_GBK16) for Gui_DrawFont_GBK16
    main.o(i.main) refers to gui.o(i.GUI_DrawRectangle) for GUI_DrawRectangle
    main.o(i.main) refers to delay.o(i.delay_ms) for delay_ms
    main.o(i.main) refers to esp8266.o(i.ESP8266_GetIPD) for ESP8266_GetIPD
    main.o(i.main) refers to onenet.o(i.OneNet_RevPro) for OneNet_RevPro
    main.o(i.main) refers to dht11.o(i.Read_DHT11) for Read_DHT11
    main.o(i.main) refers to printfa.o(i.__0sprintf) for __2sprintf
    main.o(i.main) refers to printfa.o(i.__0printf) for __2printf
    main.o(i.main) refers to bh1750.o(i.LIght_Intensity) for LIght_Intensity
    main.o(i.main) refers to f2d.o(.text) for __aeabi_f2d
    main.o(i.main) refers to mq2.o(i.MQ2_GetPPM) for MQ2_GetPPM
    main.o(i.main) refers to mq7.o(i.MQ7_GetPPM) for MQ7_GetPPM
    main.o(i.main) refers to onenet.o(i.OneNet_SendData) for OneNet_SendData
    main.o(i.main) refers to esp8266.o(i.ESP8266_Clear) for ESP8266_Clear
    main.o(i.main) refers to hc_sr04.o(i.Hcsr04GetLength) for Hcsr04GetLength
    main.o(i.main) refers to hc_sr501.o(i.SR501_Check) for SR501_Check
    main.o(i.main) refers to pwm.o(i.PWM_Control) for PWM_Control
    main.o(i.main) refers to ffixi.o(.text) for __aeabi_f2iz
    main.o(i.main) refers to main.o(.data) for DHT11_Data
    stm32f10x_it.o(i.TIM2_IRQHandler) refers to stm32f10x_tim.o(i.TIM_GetITStatus) for TIM_GetITStatus
    stm32f10x_it.o(i.TIM2_IRQHandler) refers to stm32f10x_tim.o(i.TIM_ClearITPendingBit) for TIM_ClearITPendingBit
    stm32f10x_it.o(i.TIM2_IRQHandler) refers to main.o(.data) for time
    stm32f10x_it.o(i.TIM2_IRQHandler) refers to mq2.o(.data) for times_mq2
    stm32f10x_it.o(i.TIM2_IRQHandler) refers to mq7.o(.data) for times_mq7
    system_stm32f10x.o(i.SetSysClock) refers to system_stm32f10x.o(i.SetSysClockTo72) for SetSysClockTo72
    system_stm32f10x.o(i.SystemCoreClockUpdate) refers to system_stm32f10x.o(.data) for SystemCoreClock
    system_stm32f10x.o(i.SystemInit) refers to system_stm32f10x.o(i.SetSysClock) for SetSysClock
    delay.o(i.delay_init) refers to misc.o(i.SysTick_CLKSourceConfig) for SysTick_CLKSourceConfig
    delay.o(i.delay_init) refers to system_stm32f10x.o(.data) for SystemCoreClock
    delay.o(i.delay_init) refers to delay.o(.data) for fac_us
    delay.o(i.delay_ms) refers to delay.o(.data) for fac_ms
    delay.o(i.delay_us) refers to delay.o(.data) for fac_us
    usart.o(i.USART1_IRQHandler) refers to stm32f10x_usart.o(i.USART_GetITStatus) for USART_GetITStatus
    usart.o(i.USART1_IRQHandler) refers to stm32f10x_usart.o(i.USART_ReceiveData) for USART_ReceiveData
    usart.o(i.USART1_IRQHandler) refers to usart.o(.data) for USART_RX_STA
    usart.o(i.USART1_IRQHandler) refers to usart.o(.bss) for USART_RX_BUF
    usart.o(i.Usart1_Init) refers to stm32f10x_rcc.o(i.RCC_APB2PeriphClockCmd) for RCC_APB2PeriphClockCmd
[...]
    GENERAL_TIM_Mode_Config                  0x08001411   Thumb Code    76  timer.o(i.GENERAL_TIM_Mode_Config)
    i.GENERAL_TIM_NVIC_Config                0x0800145c   Section        0  timer.o(i.GENERAL_TIM_NVIC_Config)
    GENERAL_TIM_NVIC_Config                  0x0800145d   Thumb Code    34  timer.o(i.GENERAL_TIM_NVIC_Config)
    i.GPIO_Init                              0x0800147e   Section        0  stm32f10x_gpio.o(i.GPIO_Init)
    i.GPIO_ReadInputDataBit                  0x08001594   Section        0  stm32f10x_gpio.o(i.GPIO_ReadInputDataBit)
    i.GPIO_ResetBits                         0x080015a6   Section        0  stm32f10x_gpio.o(i.GPIO_ResetBits)
    i.GPIO_SetBits                           0x080015aa   Section        0  stm32f10x_gpio.o(i.GPIO_SetBits)
    i.GPIO_WriteBit                          0x080015ae   Section        0  stm32f10x_gpio.o(i.GPIO_WriteBit)
    i.GUI_DrawRectangle                      0x080015b8   Section        0  gui.o(i.GUI_DrawRectangle)
    i.GetEchoTimer                           0x08001604   Section        0  hc_sr04.o(i.GetEchoTimer)
    i.Get_ADCValue_MQ2                       0x08001638   Section        0  mq2.o(i.Get_ADCValue_MQ2)
    i.Get_ADCValue_MQ7                       0x08001664   Section        0  mq7.o(i.Get_ADCValue_MQ7)
    i.Gui_DrawFont_GBK16                     0x08001690   Section        0  gui.o(i.Gui_DrawFont_GBK16)
    i.Gui_DrawFont_GBK24                     0x08001824   Section        0  gui.o(i.Gui_DrawFont_GBK24)
    i.Gui_DrawLine                           0x08001a14   Section        0  gui.o(i.Gui_DrawLine)
    i.Gui_DrawPoint                          0x08001ace   Section        0  lcd.o(i.Gui_DrawPoint)
    i.HardFault_Handler                      0x08001aee   Section        0  stm32f10x_it.o(i.HardFault_Handler)
    i.Hardware_Init                          0x08001af4   Section        0  main.o(i.Hardware_Init)
    i.Hcsr04GetLength                        0x08001bc0   Section        0  hc_sr04.o(i.Hcsr04GetLength)
    i.Hcsr04Init                             0x08001c68   Section        0  hc_sr04.o(i.Hcsr04Init)
    i.I2C_BH1750_GPIOConfig                  0x08001d08   Section        0  bh1750.o(i.I2C_BH1750_GPIOConfig)
    I2C_BH1750_GPIOConfig                    0x08001d09   Thumb Code    42  bh1750.o(i.I2C_BH1750_GPIOConfig)
    i.KEY_Init                               0x08001d38   Section        0  key.o(i.KEY_Init)
    i.LCD_Clear                              0x08001d60   Section        0  lcd.o(i.LCD_Clear)
    i.LCD_GPIO_Init                          0x08001d94   Section        0  lcd.o(i.LCD_GPIO_Init)
    i.LCD_Init                               0x08001dc0   Section        0  lcd.o(i.LCD_Init)
    i.LCD_Reset                              0x08001fe2   Section        0  lcd.o(i.LCD_Reset)
    i.LCD_SetRegion                          0x08001ff2   Section        0  lcd.o(i.LCD_SetRegion)
    i.LCD_SetXY                              0x08002048   Section        0  lcd.o(i.LCD_SetXY)
    i.LCD_WriteData                          0x0800205c   Section        0  lcd.o(i.LCD_WriteData)
    i.LCD_WriteData_16Bit                    0x08002084   Section        0  lcd.o(i.LCD_WriteData_16Bit)
    i.LCD_WriteIndex                         0x080020b4   Section        0  lcd.o(i.LCD_WriteIndex)
    i.LED_Init                               0x080020dc   Section        0  led.o(i.LED_Init)
    i.LIght_Intensity                        0x08002114   Section        0  bh1750.o(i.LIght_Intensity)
    i.MQ2_GetPPM                             0x08002138   Section        0  mq2.o(i.MQ2_GetPPM)
    i.MQ7_GetPPM                             0x08002250   Section        0  mq7.o(i.MQ7_GetPPM)
    i.MQ7_PPM_Calibration                    0x0800233c   Section        0  mq7.o(i.MQ7_PPM_Calibration)
    i.MQTT_DeleteBuffer                      0x08002384   Section        0  mqttkit.o(i.MQTT_DeleteBuffer)
    i.MQTT_DumpLength                        0x080023a0   Section        0  mqttkit.o(i.MQTT_DumpLength)
    i.MQTT_NewBuffer                         0x080023ce   Section        0  mqttkit.o(i.MQTT_NewBuffer)
    i.MQTT_PacketCmdResp                     0x08002428   Section        0  mqttkit.o(i.MQTT_PacketCmdResp)
    i.MQTT_PacketConnect                     0x080024b4   Section        0  mqttkit.o(i.MQTT_PacketConnect)
    i.MQTT_PacketPublish                     0x08002754   Section        0  mqttkit.o(i.MQTT_PacketPublish)
    i.MQTT_PacketSaveData                    0x080028f8   Section        0  mqttkit.o(i.MQTT_PacketSaveData)
    i.MQTT_ReadLength                        0x08002954   Section        0  mqttkit.o(i.MQTT_ReadLength)
    i.MQTT_UnPacketCmd                       0x0800299a   Section        0  mqttkit.o(i.MQTT_UnPacketCmd)
    i.MQTT_UnPacketConnectAck                0x08002a26   Section        0  mqttkit.o(i.MQTT_UnPacketConnectAck)
    i.MQTT_UnPacketPublishAck                0x08002a44   Section        0  mqttkit.o(i.MQTT_UnPacketPublishAck)
    i.MQTT_UnPacketRecv                      0x08002a64   Section        0  mqttkit.o(i.MQTT_UnPacketRecv)
    i.MemManage_Handler                      0x08002ad8   Section        0  stm32f10x_it.o(i.MemManage_Handler)
    i.NMI_Handler                            0x08002adc   Section        0  stm32f10x_it.o(i.NMI_Handler)
    i.NVIC_Init                              0x08002ae0   Section        0  misc.o(i.NVIC_Init)
    i.NVIC_PriorityGroupConfig               0x08002b50   Section        0  misc.o(i.NVIC_PriorityGroupConfig)
    i.Net_Init                               0x08002b64   Section        0  main.o(i.Net_Init)
    i.OneNet_DevLink                         0x08002bb4   Section        0  onenet.o(i.OneNet_DevLink)
    i.OneNet_FillBuf                         0x08002df8   Section        0  onenet.o(i.OneNet_FillBuf)
    i.OneNet_RevPro                          0x08003008   Section        0  onenet.o(i.OneNet_RevPro)
    i.OneNet_SendData                        0x08003164   Section        0  onenet.o(i.OneNet_SendData)
    i.OpenTimerForHc                         0x080031fc   Section        0  hc_sr04.o(i.OpenTimerForHc)
    OpenTimerForHc                           0x080031fd   Thumb Code    26  hc_sr04.o(i.OpenTimerForHc)
    i.PWM_Control                            0x08003220   Section        0  pwm.o(i.PWM_Control)
    i.PWM_TIM_GPIO_Config                    0x08003234   Section        0  pwm.o(i.PWM_TIM_GPIO_Config)
    PWM_TIM_GPIO_Config                      0x08003235   Thumb Code    38  pwm.o(i.PWM_TIM_GPIO_Config)
    i.PWM_TIM_Init                           0x08003260   Section        0  pwm.o(i.PWM_TIM_Init)
    i.PWM_TIM_Mode_Config                    0x0800326c   Section        0  pwm.o(i.PWM_TIM_Mode_Config)
    PWM_TIM_Mode_Config                      0x0800326d   Thumb Code    98  pwm.o(i.PWM_TIM_Mode_Config)
    i.PendSV_Handler                         0x080032d4   Section        0  stm32f10x_it.o(i.PendSV_Handler)
    i.RCC_ADCCLKConfig                       0x080032d8   Section        0  stm32f10x_rcc.o(i.RCC_ADCCLKConfig)
    i.RCC_AHBPeriphClockCmd                  0x080032f0   Section        0  stm32f10x_rcc.o(i.RCC_AHBPeriphClockCmd)
    i.RCC_APB1PeriphClockCmd                 0x08003310   Section        0  stm32f10x_rcc.o(i.RCC_APB1PeriphClockCmd)
    i.RCC_APB1PeriphResetCmd                 0x08003330   Section        0  stm32f10x_rcc.o(i.RCC_APB1PeriphResetCmd)
    i.RCC_APB2PeriphClockCmd                 0x08003350   Section        0  stm32f10x_rcc.o(i.RCC_APB2PeriphClockCmd)
    i.RCC_APB2PeriphResetCmd                 0x08003370   Section        0  stm32f10x_rcc.o(i.RCC_APB2PeriphResetCmd)
    i.RCC_GetClocksFreq                      0x08003390   Section        0  stm32f10x_rcc.o(i.RCC_GetClocksFreq)
    i.Read_Byte                              0x08003464   Section        0  dht11.o(i.Read_Byte)
    Read_Byte                                0x08003465   Thumb Code    90  dht11.o(i.Read_Byte)
    i.Read_DHT11                             0x080034c4   Section        0  dht11.o(i.Read_DHT11)
    i.SPI_WriteData                          0x08003564   Section        0  lcd.o(i.SPI_WriteData)
    i.SR501_Check                            0x080035a4   Section        0  hc_sr501.o(i.SR501_Check)
    i.SR501_Init                             0x080035bc   Section        0  hc_sr501.o(i.SR501_Init)
    i.SVC_Handler                            0x080035e0   Section        0  stm32f10x_it.o(i.SVC_Handler)
    i.SetSysClock                            0x080035e2   Section        0  system_stm32f10x.o(i.SetSysClock)
    SetSysClock                              0x080035e3   Thumb Code     8  system_stm32f10x.o(i.SetSysClock)
    i.SetSysClockTo72                        0x080035ec   Section        0  system_stm32f10x.o(i.SetSysClockTo72)
    SetSysClockTo72                          0x080035ed   Thumb Code   214  system_stm32f10x.o(i.SetSysClockTo72)
    i.SysTick_CLKSourceConfig                0x080036cc   Section        0  misc.o(i.SysTick_CLKSourceConfig)
    i.SystemInit                             0x080036f4   Section        0  system_stm32f10x.o(i.SystemInit)
    i.TIM2_IRQHandler                        0x08003754   Section        0  stm32f10x_it.o(i.TIM2_IRQHandler)
    i.TIM4_IRQHandler                        0x08003794   Section        0  hc_sr04.o(i.TIM4_IRQHandler)
    i.TIM_ClearFlag                          0x080037bc   Section        0  stm32f10x_tim.o(i.TIM_ClearFlag)
    i.TIM_ClearITPendingBit                  0x080037c2   Section        0  stm32f10x_tim.o(i.TIM_ClearITPendingBit)
    i.TIM_Cmd                                0x080037c8   Section        0  stm32f10x_tim.o(i.TIM_Cmd)
    i.TIM_DeInit                             0x080037e0   Section        0  stm32f10x_tim.o(i.TIM_DeInit)
    i.TIM_GetCounter                         0x080039c8   Section        0  stm32f10x_tim.o(i.TIM_GetCounter)
    i.TIM_GetITStatus                        0x080039ce   Section        0  stm32f10x_tim.o(i.TIM_GetITStatus)
    i.TIM_ITConfig                           0x080039f0   Section        0  stm32f10x_tim.o(i.TIM_ITConfig)
    i.TIM_OC3Init                            0x08003a04   Section        0  stm32f10x_tim.o(i.TIM_OC3Init)
    i.TIM_OC3PreloadConfig                   0x08003aa4   Section        0  stm32f10x_tim.o(i.TIM_OC3PreloadConfig)
    i.TIM_SetCompare3                        0x08003ab6   Section        0  stm32f10x_tim.o(i.TIM_SetCompare3)
    i.TIM_SetCounter                         0x08003aba   Section        0  stm32f10x_tim.o(i.TIM_SetCounter)
    i.TIM_TimeBaseInit                       0x08003ac0   Section        0  stm32f10x_tim.o(i.TIM_TimeBaseInit)
    i.USART1_IRQHandler                      0x08003b64   Section        0  usart.o(i.USART1_IRQHandler)
    i.USART2_IRQHandler                      0x08003bec   Section        0  esp8266.o(i.USART2_IRQHandler)
    i.USART_ClearFlag                        0x08003c38   Section        0  stm32f10x_usart.o(i.USART_ClearFlag)
    i.USART_Cmd                              0x08003c4a   Section        0  stm32f10x_usart.o(i.USART_Cmd)
    i.USART_GetFlagStatus                    0x08003c62   Section        0  stm32f10x_usart.o(i.USART_GetFlagStatus)
    i.USART_GetITStatus                      0x08003c7c   Section        0  stm32f10x_usart.o(i.USART_GetITStatus)
    i.USART_ITConfig                         0x08003cd0   Section        0  stm32f10x_usart.o(i.USART_ITConfig)
    i.USART_Init                             0x08003d1c   Section        0  stm32f10x_usart.o(i.USART_Init)
    i.USART_ReceiveData                      0x08003df4   Section        0  stm32f10x_usart.o(i.USART_ReceiveData)
    i.USART_SendData                         0x08003dfe   Section        0  stm32f10x_usart.o(i.USART_SendData)
    i.UsageFault_Handler                     0x08003e06   Section        0  stm32f10x_it.o(i.UsageFault_Handler)
    i.Usart1_Init                            0x08003e0c   Section        0  usart.o(i.Usart1_Init)
    i.Usart2_Init                            0x08003eac   Section        0  esp8266.o(i.Usart2_Init)
    i.Usart2_SendString                      0x08003f58   Section        0  esp8266.o(i.Usart2_SendString)
    i.WIFI_CWJAP                             0x08003f88   Section        0  esp8266.o(i.WIFI_CWJAP)
    i.__0printf                              0x08004084   Section        0  printfa.o(i.__0printf)
    i.__0sprintf                             0x080040a4   Section        0  printfa.o(i.__0sprintf)
    i.__ARM_fpclassify                       0x080040cc   Section        0  fpclassify.o(i.__ARM_fpclassify)
    i.__aeabi_errno_addr                     0x080040f4   Section        0  errno.o(i.__aeabi_errno_addr)
    i.__kernel_poly                          0x080040fc   Section        0  poly.o(i.__kernel_poly)
    i.__mathlib_dbl_divzero                  0x080041a8   Section        0  dunder.o(i.__mathlib_dbl_divzero)
    i.__mathlib_dbl_infnan2                  0x080041b8   Section        0  dunder.o(i.__mathlib_dbl_infnan2)
    i.__mathlib_dbl_invalid                  0x080041bc   Section        0  dunder.o(i.__mathlib_dbl_invalid)
    i.__mathlib_dbl_overflow                 0x080041c8   Section        0  dunder.o(i.__mathlib_dbl_overflow)
    i.__mathlib_dbl_underflow                0x080041d8   Section        0  dunder.o(i.__mathlib_dbl_underflow)
    i.__scatterload_copy                     0x080041e8   Section       14  handlers.o(i.__scatterload_copy)
    i.__scatterload_null                     0x080041f6   Section        2  handlers.o(i.__scatterload_null)
    i.__scatterload_zeroinit                 0x080041f8   Section       14  handlers.o(i.__scatterload_zeroinit)
    i.__set_errno                            0x08004208   Section        0  errno.o(i.__set_errno)
    i._fp_digits                             0x08004214   Section        0  printfa.o(i._fp_digits)
    _fp_digits                               0x08004215   Thumb Code   366  printfa.o(i._fp_digits)
    i._printf_core                           0x08004398   Section        0  printfa.o(i._printf_core)
    _printf_core                             0x08004399   Thumb Code  1704  printfa.o(i._printf_core)
    i._printf_post_padding                   0x08004a4c   Section        0  printfa.o(i._printf_post_padding)
    _printf_post_padding                     0x08004a4d   Thumb Code    36  printfa.o(i._printf_post_padding)
    i._printf_pre_padding                    0x08004a70   Section        0  printfa.o(i._printf_pre_padding)
    _printf_pre_padding                      0x08004a71   Thumb Code    46  printfa.o(i._printf_pre_padding)
    i._sputc                                 0x08004a9e   Section        0  printfa.o(i._sputc)
    _sputc                                   0x08004a9f   Thumb Code    10  printfa.o(i._sputc)
    i.delay_init                             0x08004aa8   Section        0  delay.o(i.delay_init)
    i.delay_ms                               0x08004aec   Section        0  delay.o(i.delay_ms)
    i.delay_us                               0x08004b38   Section        0  delay.o(i.delay_us)
    i.fputc                                  0x08004b84   Section        0  usart.o(i.fputc)
    i.free                                   0x08004ba0   Section        0  malloc.o(i.free)
    i.hcsr04_NVIC                            0x08004bf0   Section        0  hc_sr04.o(i.hcsr04_NVIC)
    i.i2c_Ack                                0x08004c10   Section        0  bh1750.o(i.i2c_Ack)
    i.i2c_NAck                               0x08004c40   Section        0  bh1750.o(i.i2c_NAck)
    i.i2c_ReadByte                           0x08004c68   Section        0  bh1750.o(i.i2c_ReadByte)
    i.i2c_SendByte                           0x08004cac   Section        0  bh1750.o(i.i2c_SendByte)
    i.i2c_Start                              0x08004d00   Section        0  bh1750.o(i.i2c_Start)
    i.i2c_Stop                               0x08004d30   Section        0  bh1750.o(i.i2c_Stop)
    i.i2c_WaitAck                            0x08004d50   Section        0  bh1750.o(i.i2c_WaitAck)
    i.i2c_delay                              0x08004d8c   Section        0  bh1750.o(i.i2c_delay)
    i2c_delay                                0x08004d8d   Thumb Code    14  bh1750.o(i.i2c_delay)
    i.main                                   0x08004d9c   Section        0  main.o(i.main)
    i.malloc                                 0x08004fec   Section        0  malloc.o(i.malloc)
    i.pow                                    0x08005058   Section        0  pow.o(i.pow)
    i.sqrt                                   0x08005a30   Section        0  sqrt.o(i.sqrt)
    .constdata                               0x08005a7c   Section     4740  gui.o(.constdata)
    .constdata                               0x08006d00   Section      136  pow.o(.constdata)
    bp                                       0x08006d00   Data          16  pow.o(.constdata)
    dp_h                                     0x08006d10   Data          16  pow.o(.constdata)
    dp_l                                     0x08006d20   Data          16  pow.o(.constdata)
    L                                        0x08006d30   Data          48  pow.o(.constdata)
    P                                        0x08006d60   Data          40  pow.o(.constdata)
    .constdata                               0x08006d88   Section        8  qnan.o(.constdata)
    .constdata                               0x08006d90   Section      129  ctype_o.o(.constdata)
    .constdata                               0x08006e14   Section        4  ctype_o.o(.constdata)
    table                                    0x08006e14   Data           4  ctype_o.o(.constdata)
    .data                                    0x20000000   Section       37  main.o(.data)
    .data                                    0x20000028   Section       20  system_stm32f10x.o(.data)
    .data                                    0x2000003c   Section        4  delay.o(.data)
    fac_us                                   0x2000003c   Data           1  delay.o(.data)
    fac_ms                                   0x2000003e   Data           2  delay.o(.data)
    .data                                    0x20000040   Section        6  usart.o(.data)
    .data                                    0x20000046   Section       20  stm32f10x_rcc.o(.data)
    APBAHBPrescTable                         0x20000046   Data          16  stm32f10x_rcc.o(.data)
    ADCPrescTable                            0x20000056   Data           4  stm32f10x_rcc.o(.data)
    .data                                    0x2000005a   Section        4  esp8266.o(.data)
    .data                                    0x2000005e   Section       15  onenet.o(.data)
    .data                                    0x2000006e   Section        4  adc_dma.o(.data)
    .data                                    0x20000072   Section        2  hc_sr04.o(.data)
    .data                                    0x20000074   Section        8  mq7.o(.data)
    R0_MQ7                                   0x20000074   Data           4  mq7.o(.data)
    .data                                    0x2000007c   Section        8  mq2.o(.data)
    R0_MQ2                                   0x2000007c   Data           4  mq2.o(.data)
    .data                                    0x20000084   Section        4  mvars.o(.data)
    .data                                    0x20000088   Section        4  mvars.o(.data)
    .data                                    0x2000008c   Section        4  errno.o(.data)
    _errno                                   0x2000008c   Data           4  errno.o(.data)
    .bss                                     0x20000090   Section      200  usart.o(.bss)
    .bss                                     0x20000158   Section      128  esp8266.o(.bss)
    HEAP                                     0x200001d8   Section      512  startup_stm32f10x_md.o(HEAP)
    STACK                                    0x200003d8   Section     1024  startup_stm32f10x_md.o(STACK)

    Global Symbols

    Symbol Name                              Value     Ov Type        Size  Object(Section)

    BuildAttributes$$THM_ISAv4$P$D$K$B$S$PE$A:L22UL41UL21$X:L11$S22US41US21$IEEE1$IW$USESV6$~STKCKD$USESV7$~SHL$OTIME$ROPI$IEEEX$EBA8$MICROLIB$REQ8$PRES8$EABIv2 0x00000000   Number         0  anon$$obj.o ABSOLUTE
    __ARM_use_no_argv                        0x00000000   Number         0  main.o ABSOLUTE
    __use_no_errno                           0x00000000   Number         0  useno.o ABSOLUTE
    __use_no_exception_handling              0x00000000   Number         0  useno.o ABSOLUTE
    __use_no_fp                              0x00000000   Number         0  useno.o ABSOLUTE
    __use_no_heap                            0x00000000   Number         0  useno.o ABSOLUTE
    __use_no_heap_region                     0x00000000   Number         0  useno.o ABSOLUTE
    __use_no_semihosting                     0x00000000   Number         0  useno.o ABSOLUTE
    __use_no_semihosting_swi                 0x00000000   Number         0  useno.o ABSOLUTE
    __use_no_signal_handling                 0x00000000   Number         0  useno.o ABSOLUTE
    _printf_a                                0x00000000   Number         0  stubs.o ABSOLUTE
    _printf_c                                0x00000000   Number         0  stubs.o ABSOLUTE
    _printf_charcount                        0x00000000   Number         0  stubs.o ABSOLUTE
    _printf_d                                0x00000000   Number         0  stubs.o ABSOLUTE
    _printf_e                                0x00000000   Number         0  stubs.o ABSOLUTE
    _printf_f                                0x00000000   Number         0  stubs.o ABSOLUTE
    _printf_flags                            0x00000000   Number         0  stubs.o ABSOLUTE
    _printf_fp_dec                           0x00000000   Number         0  stubs.o ABSOLUTE
    _printf_fp_hex                           0x00000000   Number         0  stubs.o ABSOLUTE
    _printf_g                                0x00000000   Number         0  stubs.o ABSOLUTE
    _printf_i                                0x00000000   Number         0  stubs.o ABSOLUTE
    _printf_int_dec                          0x00000000   Number         0  stubs.o ABSOLUTE
    _printf_l                                0x00000000   Number         0  stubs.o ABSOLUTE
    _printf_lc                               0x00000000   Number         0  stubs.o ABSOLUTE
    _printf_ll                               0x00000000   Number         0  stubs.o ABSOLUTE
    _printf_lld                              0x00000000   Number         0  stubs.o ABSOLUTE
    _printf_lli                              0x00000000   Number         0  stubs.o ABSOLUTE
    _printf_llo                              0x00000000   Number         0  stubs.o ABSOLUTE
    _printf_llu                              0x00000000   Number         0  stubs.o ABSOLUTE
    _printf_llx                              0x00000000   Number         0  stubs.o ABSOLUTE
    _printf_longlong_dec                     0x00000000   Number         0  stubs.o ABSOLUTE
    _printf_longlong_hex                     0x00000000   Number         0  stubs.o ABSOLUTE
    _printf_longlong_oct                     0x00000000   Number         0  stubs.o ABSOLUTE
    _printf_ls                               0x00000000   Number         0  stubs.o ABSOLUTE
    _printf_mbtowc                           0x00000000   Number         0  stubs.o ABSOLUTE
    _printf_n                                0x00000000   Number         0  stubs.o ABSOLUTE
    _printf_o                                0x00000000   Number         0  stubs.o ABSOLUTE
    _printf_p                                0x00000000   Number         0  stubs.o ABSOLUTE
    _printf_percent                          0x00000000   Number         0  stubs.o ABSOLUTE
    _printf_pre_padding                      0x00000000   Number         0  stubs.o ABSOLUTE
    _printf_return_value                     0x00000000   Number         0  stubs.o ABSOLUTE
    _printf_s                                0x00000000   Number         0  stubs.o ABSOLUTE
    _printf_sizespec                         0x00000000   Number         0  stubs.o ABSOLUTE
    _printf_str                              0x00000000   Number         0  stubs.o ABSOLUTE
    _printf_truncate_signed                  0x00000000   Number         0  stubs.o ABSOLUTE
    _printf_truncate_unsigned                0x00000000   Number         0  stubs.o ABSOLUTE
    _printf_u                                0x00000000   Number         0  stubs.o ABSOLUTE
    _printf_wc                               0x00000000   Number         0  stubs.o ABSOLUTE
    _printf_wctomb                           0x00000000   Number         0  stubs.o ABSOLUTE
    _printf_widthprec                        0x00000000   Number         0  stubs.o ABSOLUTE
    _printf_x                                0x00000000   Number         0  stubs.o ABSOLUTE
    __arm_fini_                               - Undefined Weak Reference
    __cpp_initialize__aeabi_                  - Undefined Weak Reference
    __cxa_finalize                            - Undefined Weak Reference
    __decompress                              - Undefined Weak Reference
    _clock_init                               - Undefined Weak Reference
    _microlib_exit                            - Undefined Weak Reference
    __Vectors_Size                           0x000000ec   Number         0  startup_stm32f10x_md.o ABSOLUTE
    __Vectors                                0x08000000   Data           4  startup_stm32f10x_md.o(RESET)
    __Vectors_End                            0x080000ec   Data           0  startup_stm32f10x_md.o(RESET)
    __main                                   0x080000ed   Thumb Code     0  entry.o(.ARM.Collect$$$$00000000)
    _main_stk                                0x080000ed   Thumb Code     0  entry2.o(.ARM.Collect$$$$00000001)
    _main_scatterload                        0x080000f1   Thumb Code     0  entry5.o(.ARM.Collect$$$$00000004)
    __main_after_scatterload                 0x080000f5   Thumb Code     0  entry5.o(.ARM.Collect$$$$00000004)
    _main_clock                              0x080000f5   Thumb Code     0  entry7b.o(.ARM.Collect$$$$00000008)
    _main_cpp_init                           0x080000f5   Thumb Code     0  entry8b.o(.ARM.Collect$$$$0000000A)
    _main_init                               0x080000f5   Thumb Code     0  entry9a.o(.ARM.Collect$$$$0000000B)
    __rt_lib_shutdown_fini                   0x080000fd   Thumb Code     0  entry12b.o(.ARM.Collect$$$$0000000E)
    __rt_final_cpp                           0x08000101   Thumb Code     0  entry10a.o(.ARM.Collect$$$$0000000F)
    __rt_final_exit                          0x08000101   Thumb Code     0  entry11a.o(.ARM.Collect$$$$00000011)
    Reset_Handler                            0x08000105   Thumb Code     8  startup_stm32f10x_md.o(.text)
    delay_Handler                            0x0800011d   Thumb Code     2  startup_stm32f10x_md.o(.text)
    ADC1_2_IRQHandler                        0x0800011f   Thumb Code     0  startup_stm32f10x_md.o(.text)
    CAN1_RX1_IRQHandler                      0x0800011f   Thumb Code     0  startup_stm32f10x_md.o(.text)
    CAN1_SCE_IRQHandler                      0x0800011f   Thumb Code     0  startup_stm32f10x_md.o(.text)
    DMA1_Channel1_IRQHandler                 0x0800011f   Thumb Code     0  startup_stm32f10x_md.o(.text)
    DMA1_Channel2_IRQHandler                 0x0800011f   Thumb Code     0  startup_stm32f10x_md.o(.text)
    DMA1_Channel3_IRQHandler                 0x0800011f   Thumb Code     0  startup_stm32f10x_md.o(.text)
    DMA1_Channel4_IRQHandler                 0x0800011f   Thumb Code     0  startup_stm32f10x_md.o(.text)
    DMA1_Channel5_IRQHandler                 0x0800011f   Thumb Code     0  startup_stm32f10x_md.o(.text)
    DMA1_Channel6_IRQHandler                 0x0800011f   Thumb Code     0  startup_stm32f10x_md.o(.text)
    DMA1_Channel7_IRQHandler                 0x0800011f   Thumb Code     0  startup_stm32f10x_md.o(.text)
    EXTI0_IRQHandler                         0x0800011f   Thumb Code     0  startup_stm32f10x_md.o(.text)
    EXTI15_10_IRQHandler                     0x0800011f   Thumb Code     0  startup_stm32f10x_md.o(.text)
    EXTI1_IRQHandler                         0x0800011f   Thumb Code     0  startup_stm32f10x_md.o(.text)
    EXTI2_IRQHandler                         0x0800011f   Thumb Code     0  startup_stm32f10x_md.o(.text)
    EXTI3_IRQHandler                         0x0800011f   Thumb Code     0  startup_stm32f10x_md.o(.text)
    EXTI4_IRQHandler                         0x0800011f   Thumb Code     0  startup_stm32f10x_md.o(.text)
    EXTI9_5_IRQHandler                       0x0800011f   Thumb Code     0  startup_stm32f10x_md.o(.text)
    FLASH_IRQHandler                         0x0800011f   Thumb Code     0  startup_stm32f10x_md.o(.text)
    I2C1_ER_IRQHandler                       0x0800011f   Thumb Code     0  startup_stm32f10x_md.o(.text)
    I2C1_EV_IRQHandler                       0x0800011f   Thumb Code     0  startup_stm32f10x_md.o(.text)
    I2C2_ER_IRQHandler                       0x0800011f   Thumb Code     0  startup_stm32f10x_md.o(.text)
    I2C2_EV_IRQHandler                       0x0800011f   Thumb Code     0  startup_stm32f10x_md.o(.text)
    PVD_IRQHandler                           0x0800011f   Thumb Code     0  startup_stm32f10x_md.o(.text)
    RCC_IRQHandler                           0x0800011f   Thumb Code     0  startup_stm32f10x_md.o(.text)
    RTCAlarm_IRQHandler                      0x0800011f   Thumb Code     0  startup_stm32f10x_md.o(.text)
    RTC_IRQHandler                           0x0800011f   Thumb Code     0  startup_stm32f10x_md.o(.text)
    SPI1_IRQHandler                          0x0800011f   Thumb Code     0  startup_stm32f10x_md.o(.text)
    SPI2_IRQHandler                          0x0800011f   Thumb Code     0  startup_stm32f10x_md.o(.text)
    TAMPER_IRQHandler                        0x0800011f   Thumb Code     0  startup_stm32f10x_md.o(.text)
    TIM1_BRK_IRQHandler                      0x0800011f   Thumb Code     0  startup_stm32f10x_md.o(.text)
    TIM1_CC_IRQHandler                       0x0800011f   Thumb Code     0  startup_stm32f10x_md.o(.text)
    TIM1_TRG_COM_IRQHandler                  0x0800011f   Thumb Code     0  startup_stm32f10x_md.o(.text)
    TIM1_UP_IRQHandler                       0x0800011f   Thumb Code     0  startup_stm32f10x_md.o(.text)
    TIM3_IRQHandler                          0x0800011f   Thumb Code     0  startup_stm32f10x_md.o(.text)
    USART3_IRQHandler                        0x0800011f   Thumb Code     0  startup_stm32f10x_md.o(.text)
    USBWakeUp_IRQHandler                     0x0800011f   Thumb Code     0  startup_stm32f10x_md.o(.text)
    USB_HP_CAN1_TX_IRQHandler                0x0800011f   Thumb Code     0  startup_stm32f10x_md.o(.text)
    USB_LP_CAN1_RX0_IRQHandler               0x0800011f   Thumb Code     0  startup_stm32f10x_md.o(.text)
    WWDG_IRQHandler                          0x0800011f   Thumb Code     0  startup_stm32f10x_md.o(.text)
    __aeabi_memcpy                           0x08000129   Thumb Code    36  memcpya.o(.text)
    __aeabi_memcpy4                          0x08000129   Thumb Code     0  memcpya.o(.text)
    __aeabi_memcpy8                          0x08000129   Thumb Code     0  memcpya.o(.text)
    __aeabi_memset                           0x0800014d   Thumb Code    14  memseta.o(.text)
    __aeabi_memset4                          0x0800014d   Thumb Code     0  memseta.o(.text)
    __aeabi_memset8                          0x0800014d   Thumb Code     0  memseta.o(.text)
    __aeabi_memclr                           0x0800015b   Thumb Code     4  memseta.o(.text)
    __aeabi_memclr4                          0x0800015b   Thumb Code     0  memseta.o(.text)
    __aeabi_memclr8                          0x0800015b   Thumb Code     0  memseta.o(.text)
    _memset$wrapper                          0x0800015f   Thumb Code    18  memseta.o(.text)
    strcat                                   0x08000171   Thumb Code    24  strcat.o(.text)
    strstr                                   0x08000189   Thumb Code    36  strstr.o(.text)
    strchr                                   0x080001ad   Thumb Code    20  strchr.o(.text)
    strlen                                   0x080001c1   Thumb Code    14  strlen.o(.text)
    strncat                                  0x080001cf   Thumb Code    40  strncat.o(.text)
    strcpy                                   0x080001f7   Thumb Code    18  strcpy.o(.text)
    atoi                                     0x08000209   Thumb Code    26  atoi.o(.text)
    __aeabi_fadd                             0x08000223   Thumb Code   164  fadd.o(.text)
    __aeabi_fsub                             0x080002c7   Thumb Code     6  fadd.o(.text)
    __aeabi_frsub                            0x080002cd   Thumb Code     6  fadd.o(.text)
    __aeabi_fmul                             0x080002d3   Thumb Code   100  fmul.o(.text)
    __aeabi_fdiv                             0x08000337   Thumb Code   124  fdiv.o(.text)
    __aeabi_dadd                             0x080003b3   Thumb Code   322  dadd.o(.text)
    __aeabi_dsub                             0x080004f5   Thumb Code     6  dadd.o(.text)
    __aeabi_drsub                            0x080004fb   Thumb Code     6  dadd.o(.text)
    __aeabi_dmul                             0x08000501   Thumb Code   228  dmul.o(.text)
    __aeabi_ddiv                             0x080005e5   Thumb Code   222  ddiv.o(.text)
    __aeabi_i2f                              0x080006c3   Thumb Code    18  fflti.o(.text)
    __aeabi_ui2f                             0x080006d5   Thumb Code    10  ffltui.o(.text)
    __aeabi_f2iz                             0x080006df   Thumb Code    50  ffixi.o(.text)
    __aeabi_d2iz                             0x08000711   Thumb Code    62  dfixi.o(.text)
    __aeabi_f2d                              0x0800074f   Thumb Code    38  f2d.o(.text)
    __aeabi_d2f                              0x08000775   Thumb Code    56  d2f.o(.text)
    __aeabi_uidiv                            0x080007ad   Thumb Code     0  uidiv.o(.text)
    __aeabi_uidivmod                         0x080007ad   Thumb Code    44  uidiv.o(.text)
    __aeabi_uldivmod                         0x080007d9   Thumb Code    98  uldiv.o(.text)
    __aeabi_llsl                             0x0800083b   Thumb Code    30  llshl.o(.text)
    _ll_shift_l                              0x0800083b   Thumb Code     0  llshl.o(.text)
    __aeabi_llsr                             0x08000859   Thumb Code    32  llushr.o(.text)
    _ll_ushift_r                             0x08000859   Thumb Code     0  llushr.o(.text)
    __aeabi_lasr                             0x08000879   Thumb Code    36  llsshr.o(.text)
    _ll_sshift_r                             0x08000879   Thumb Code     0  llsshr.o(.text)
    strtol                                   0x0800089d   Thumb Code   112  strtol.o(.text)
    __I$use$fp                               0x0800090d   Thumb Code     0  iusefp.o(.text)
    _float_round                             0x0800090d   Thumb Code    18  fepilogue.o(.text)
    _float_epilogue                          0x0800091f   Thumb Code    92  fepilogue.o(.text)
    _double_round                            0x0800097b   Thumb Code    30  depilogue.o(.text)
    _double_epilogue                         0x08000999   Thumb Code   156  depilogue.o(.text)
    __ARM_scalbn                             0x08000a35   Thumb Code    46  dscalb.o(.text)
    scalbn                                   0x08000a35   Thumb Code     0  dscalb.o(.text)
    __aeabi_i2d                              0x08000a63   Thumb Code    34  dflti.o(.text)
    __aeabi_d2ulz                            0x08000a85   Thumb Code    48  dfixul.o(.text)
    __aeabi_cdrcmple                         0x08000ab5   Thumb Code    48  cdrcmple.o(.text)
    __scatterload                            0x08000ae5   Thumb Code    28  init.o(.text)
    __scatterload_rt2                        0x08000ae5   Thumb Code     0  init.o(.text)
    __rt_ctype_table                         0x08000b09   Thumb Code     4  ctype_o.o(.text)
    _strtoul                                 0x08000b11   Thumb Code   158  _strtoul.o(.text)
    _dsqrt                                   0x08000baf   Thumb Code   162  dsqrt.o(.text)
    _chval                                   0x08000c51   Thumb Code    28  _chval.o(.text)
    ADC_Cmd                                  0x08000c6d   Thumb Code    22  stm32f10x_adc.o(i.ADC_Cmd)
    ADC_DMACmd                               0x08000c83   Thumb Code    22  stm32f10x_adc.o(i.ADC_DMACmd)
    ADC_GetCalibrationStatus                 0x08000c99   Thumb Code    20  stm32f10x_adc.o(i.ADC_GetCalibrationStatus)
    ADC_GetResetCalibrationStatus            0x08000cad   Thumb Code    20  stm32f10x_adc.o(i.ADC_GetResetCalibrationStatus)
    ADC_Init                                 0x08000cc1   Thumb Code    70  stm32f10x_adc.o(i.ADC_Init)
    ADC_RegularChannelConfig                 0x08000d11   Thumb Code   184  stm32f10x_adc.o(i.ADC_RegularChannelConfig)
    ADC_ResetCalibration                     0x08000dc9   Thumb Code    10  stm32f10x_adc.o(i.ADC_ResetCalibration)
    ADC_SoftwareStartConvCmd                 0x08000dd3   Thumb Code    22  stm32f10x_adc.o(i.ADC_SoftwareStartConvCmd)
    ADC_StartCalibration                     0x08000de9   Thumb Code    10  stm32f10x_adc.o(i.ADC_StartCalibration)
    ADCx_Init                                0x08000e19   Thumb Code    12  adc_dma.o(i.ADCx_Init)
    BEEP_Init                                0x08000f21   Thumb Code    46  beep.o(i.BEEP_Init)
    BH1750_Byte_Write                        0x08000f59   Thumb Code    50  bh1750.o(i.BH1750_Byte_Write)
    BH1750_Init                              0x08000f8b   Thumb Code    18  bh1750.o(i.BH1750_Init)
    BH1750_Power_ON                          0x08000f9d   Thumb Code    10  bh1750.o(i.BH1750_Power_ON)
    BH1750_Read_Measure                      0x08000fa7   Thumb Code    58  bh1750.o(i.BH1750_Read_Measure)
    BusFault_Handler                         0x08000fe1   Thumb Code     4  stm32f10x_it.o(i.BusFault_Handler)
    DHT11_GPIO_Config                        0x08000ff5   Thumb Code    44  dht11.o(i.DHT11_GPIO_Config)
    DMA_Cmd                                  0x08001061   Thumb Code    24  stm32f10x_dma.o(i.DMA_Cmd)
    DMA_DeInit                               0x08001079   Thumb Code   324  stm32f10x_dma.o(i.DMA_DeInit)
    DMA_Init                                 0x080011c5   Thumb Code    60  stm32f10x_dma.o(i.DMA_Init)
    DebugMon_Handler                         0x08001201   Thumb Code     2  stm32f10x_it.o(i.DebugMon_Handler)
    ESP8266_Clear                            0x08001205   Thumb Code    18  esp8266.o(i.ESP8266_Clear)
    ESP8266_GetIPD                           0x08001221   Thumb Code    68  esp8266.o(i.ESP8266_GetIPD)
    ESP8266_Init                             0x08001271   Thumb Code   116  esp8266.o(i.ESP8266_Init)
    ESP8266_SendCmd                          0x0800133d   Thumb Code    74  esp8266.o(i.ESP8266_SendCmd)
    ESP8266_SendData                         0x0800138d   Thumb Code    46  esp8266.o(i.ESP8266_SendData)
    ESP8266_WaitRecive                       0x080013d1   Thumb Code    42  esp8266.o(i.ESP8266_WaitRecive)
    GENERAL_TIM_Init                         0x08001405   Thumb Code    12  timer.o(i.GENERAL_TIM_Init)
    GPIO_Init                                0x0800147f   Thumb Code   278  stm32f10x_gpio.o(i.GPIO_Init)
    GPIO_ReadInputDataBit                    0x08001595   Thumb Code    18  stm32f10x_gpio.o(i.GPIO_ReadInputDataBit)
    GPIO_ResetBits                           0x080015a7   Thumb Code     4  stm32f10x_gpio.o(i.GPIO_ResetBits)
    GPIO_SetBits                             0x080015ab   Thumb Code     4  stm32f10x_gpio.o(i.GPIO_SetBits)
    GPIO_WriteBit                            0x080015af   Thumb Code    10  stm32f10x_gpio.o(i.GPIO_WriteBit)
    GUI_DrawRectangle                        0x080015b9   Thumb Code    74  gui.o(i.GUI_DrawRectangle)
    GetEchoTimer                             0x08001605   Thumb Code    42  hc_sr04.o(i.GetEchoTimer)
    Get_ADCValue_MQ2                         0x08001639   Thumb Code    38  mq2.o(i.Get_ADCValue_MQ2)
    Get_ADCValue_MQ7                         0x08001665   Thumb Code    38  mq7.o(i.Get_ADCValue_MQ7)
    Gui_DrawFont_GBK16                       0x08001691   Thumb Code   394  gui.o(i.Gui_DrawFont_GBK16)
    Gui_DrawFont_GBK24                       0x08001825   Thumb Code   486  gui.o(i.Gui_DrawFont_GBK24)
    Gui_DrawLine                             0x08001a15   Thumb Code   186  gui.o(i.Gui_DrawLine)
    Gui_DrawPoint                            0x08001acf   Thumb Code    32  lcd.o(i.Gui_DrawPoint)
    HardFault_Handler                        0x08001aef   Thumb Code     4  stm32f10x_it.o(i.HardFault_Handler)
    Hardware_Init                            0x08001af5   Thumb Code   146  main.o(i.Hardware_Init)
    Hcsr04GetLength                          0x08001bc1   Thumb Code   150  hc_sr04.o(i.Hcsr04GetLength)
    Hcsr04Init                               0x08001c69   Thumb Code   152  hc_sr04.o(i.Hcsr04Init)
    KEY_Init                                 0x08001d39   Thumb Code    34  key.o(i.KEY_Init)
    LCD_Clear                                0x08001d61   Thumb Code    50  lcd.o(i.LCD_Clear)
    LCD_GPIO_Init                            0x08001d95   Thumb Code    40  lcd.o(i.LCD_GPIO_Init)
    LCD_Init                                 0x08001dc1   Thumb Code   546  lcd.o(i.LCD_Init)
    LCD_Reset                                0x08001fe3   Thumb Code    16  lcd.o(i.LCD_Reset)
    LCD_SetRegion                            0x08001ff3   Thumb Code    86  lcd.o(i.LCD_SetRegion)
    LCD_SetXY                                0x08002049   Thumb Code    20  lcd.o(i.LCD_SetXY)
    LCD_WriteData                            0x0800205d   Thumb Code    36  lcd.o(i.LCD_WriteData)
    LCD_WriteData_16Bit                      0x08002085   Thumb Code    42  lcd.o(i.LCD_WriteData_16Bit)
    LCD_WriteIndex                           0x080020b5   Thumb Code    34  lcd.o(i.LCD_WriteIndex)
    LED_Init                                 0x080020dd   Thumb Code    50  led.o(i.LED_Init)
    LIght_Intensity                          0x08002115   Thumb Code    32  bh1750.o(i.LIght_Intensity)
    MQ2_GetPPM                               0x08002139   Thumb Code   232  mq2.o(i.MQ2_GetPPM)
    MQ7_GetPPM                               0x08002251   Thumb Code   196  mq7.o(i.MQ7_GetPPM)
    MQ7_PPM_Calibration                      0x0800233d   Thumb Code    54  mq7.o(i.MQ7_PPM_Calibration)
    MQTT_DeleteBuffer                        0x08002385   Thumb Code    28  mqttkit.o(i.MQTT_DeleteBuffer)
    MQTT_DumpLength                          0x080023a1   Thumb Code    46  mqttkit.o(i.MQTT_DumpLength)
    MQTT_NewBuffer                           0x080023cf   Thumb Code    88  mqttkit.o(i.MQTT_NewBuffer)
    MQTT_PacketCmdResp                       0x08002429   Thumb Code   132  mqttkit.o(i.MQTT_PacketCmdResp)
    MQTT_PacketConnect                       0x080024b5   Thumb Code   666  mqttkit.o(i.MQTT_PacketConnect)
    MQTT_PacketPublish                       0x08002755   Thumb Code   418  mqttkit.o(i.MQTT_PacketPublish)
    MQTT_PacketSaveData                      0x080028f9   Thumb Code    88  mqttkit.o(i.MQTT_PacketSaveData)
    MQTT_ReadLength                          0x08002955   Thumb Code    70  mqttkit.o(i.MQTT_ReadLength)
    MQTT_UnPacketCmd                         0x0800299b   Thumb Code   140  mqttkit.o(i.MQTT_UnPacketCmd)
    MQTT_UnPacketConnectAck                  0x08002a27   Thumb Code    30  mqttkit.o(i.MQTT_UnPacketConnectAck)
    MQTT_UnPacketPublishAck                  0x08002a45   Thumb Code    30  mqttkit.o(i.MQTT_UnPacketPublishAck)
    MQTT_UnPacketRecv                        0x08002a65   Thumb Code   106  mqttkit.o(i.MQTT_UnPacketRecv)
    MemManage_Handler                        0x08002ad9   Thumb Code     4  stm32f10x_it.o(i.MemManage_Handler)
    NMI_Handler                              0x08002add   Thumb Code     2  stm32f10x_it.o(i.NMI_Handler)
    NVIC_Init                                0x08002ae1   Thumb Code   100  misc.o(i.NVIC_Init)
    NVIC_PriorityGroupConfig                 0x08002b51   Thumb Code    10  misc.o(i.NVIC_PriorityGroupConfig)
    Net_Init                                 0x08002b65   Thumb Code    58  main.o(i.Net_Init)
    OneNet_DevLink                           0x08002bb5   Thumb Code   230  onenet.o(i.OneNet_DevLink)
    OneNet_FillBuf                           0x08002df9   Thumb Code   346  onenet.o(i.OneNet_FillBuf)
    OneNet_RevPro                            0x08003009   Thumb Code   260  onenet.o(i.OneNet_RevPro)
    OneNet_SendData                          0x08003165   Thumb Code   108  onenet.o(i.OneNet_SendData)
    PWM_Control                              0x08003221   Thumb Code    14  pwm.o(i.PWM_Control)
    PWM_TIM_Init                             0x08003261   Thumb Code    12  pwm.o(i.PWM_TIM_Init)
    PendSV_Handler                           0x080032d5   Thumb Code     2  stm32f10x_it.o(i.PendSV_Handler)
    RCC_ADCCLKConfig                         0x080032d9   Thumb Code    18  stm32f10x_rcc.o(i.RCC_ADCCLKConfig)
    RCC_AHBPeriphClockCmd                    0x080032f1   Thumb Code    26  stm32f10x_rcc.o(i.RCC_AHBPeriphClockCmd)
    RCC_APB1PeriphClockCmd                   0x08003311   Thumb Code    26  stm32f10x_rcc.o(i.RCC_APB1PeriphClockCmd)
    RCC_APB1PeriphResetCmd                   0x08003331   Thumb Code    26  stm32f10x_rcc.o(i.RCC_APB1PeriphResetCmd)
    RCC_APB2PeriphClockCmd                   0x08003351   Thumb Code    26  stm32f10x_rcc.o(i.RCC_APB2PeriphClockCmd)
    RCC_APB2PeriphResetCmd                   0x08003371   Thumb Code    26  stm32f10x_rcc.o(i.RCC_APB2PeriphResetCmd)
    RCC_GetClocksFreq                        0x08003391   Thumb Code   192  stm32f10x_rcc.o(i.RCC_GetClocksFreq)
    Read_DHT11                               0x080034c5   Thumb Code   154  dht11.o(i.Read_DHT11)
    SPI_WriteData                            0x08003565   Thumb Code    60  lcd.o(i.SPI_WriteData)
    SR501_Check                              0x080035a5   Thumb Code    20  hc_sr501.o(i.SR501_Check)
    SR501_Init                               0x080035bd   Thumb Code    32  hc_sr501.o(i.SR501_Init)
    SVC_Handler                              0x080035e1   Thumb Code     2  stm32f10x_it.o(i.SVC_Handler)
    SysTick_CLKSourceConfig                  0x080036cd   Thumb Code    40  misc.o(i.SysTick_CLKSourceConfig)
    SystemInit                               0x080036f5   Thumb Code    78  system_stm32f10x.o(i.SystemInit)
    TIM2_IRQHandler                          0x08003755   Thumb Code    52  stm32f10x_it.o(i.TIM2_IRQHandler)
    TIM4_IRQHandler                          0x08003795   Thumb Code    32  hc_sr04.o(i.TIM4_IRQHandler)
    TIM_ClearFlag                            0x080037bd   Thumb Code     6  stm32f10x_tim.o(i.TIM_ClearFlag)
    TIM_ClearITPendingBit                    0x080037c3   Thumb Code     6  stm32f10x_tim.o(i.TIM_ClearITPendingBit)
    TIM_Cmd                                  0x080037c9   Thumb Code    24  stm32f10x_tim.o(i.TIM_Cmd)
    TIM_DeInit                               0x080037e1   Thumb Code   424  stm32f10x_tim.o(i.TIM_DeInit)
    TIM_GetCounter                           0x080039c9   Thumb Code     6  stm32f10x_tim.o(i.TIM_GetCounter)
    TIM_GetITStatus                          0x080039cf   Thumb Code    34  stm32f10x_tim.o(i.TIM_GetITStatus)
    TIM_ITConfig                             0x080039f1   Thumb Code    18  stm32f10x_tim.o(i.TIM_ITConfig)
    TIM_OC3Init                              0x08003a05   Thumb Code   150  stm32f10x_tim.o(i.TIM_OC3Init)
    TIM_OC3PreloadConfig                     0x08003aa5   Thumb Code    18  stm32f10x_tim.o(i.TIM_OC3PreloadConfig)
    TIM_SetCompare3                          0x08003ab7   Thumb Code     4  stm32f10x_tim.o(i.TIM_SetCompare3)
    TIM_SetCounter                           0x08003abb   Thumb Code     4  stm32f10x_tim.o(i.TIM_SetCounter)
    TIM_TimeBaseInit                         0x08003ac1   Thumb Code   122  stm32f10x_tim.o(i.TIM_TimeBaseInit)
    USART1_IRQHandler                        0x08003b65   Thumb Code   122  usart.o(i.USART1_IRQHandler)
    USART2_IRQHandler                        0x08003bed   Thumb Code    62  esp8266.o(i.USART2_IRQHandler)
    USART_ClearFlag                          0x08003c39   Thumb Code    18  stm32f10x_usart.o(i.USART_ClearFlag)
    USART_Cmd                                0x08003c4b   Thumb Code    24  stm32f10x_usart.o(i.USART_Cmd)
    USART_GetFlagStatus                      0x08003c63   Thumb Code    26  stm32f10x_usart.o(i.USART_GetFlagStatus)
    USART_GetITStatus                        0x08003c7d   Thumb Code    84  stm32f10x_usart.o(i.USART_GetITStatus)
    USART_ITConfig                           0x08003cd1   Thumb Code    74  stm32f10x_usart.o(i.USART_ITConfig)
    USART_Init                               0x08003d1d   Thumb Code   210  stm32f10x_usart.o(i.USART_Init)
    USART_ReceiveData                        0x08003df5   Thumb Code    10  stm32f10x_usart.o(i.USART_ReceiveData)
    USART_SendData                           0x08003dff   Thumb Code     8  stm32f10x_usart.o(i.USART_SendData)
    UsageFault_Handler                       0x08003e07   Thumb Code     4  stm32f10x_it.o(i.UsageFault_Handler)
    Usart1_Init                              0x08003e0d   Thumb Code   152  usart.o(i.Usart1_Init)
    Usart2_Init                              0x08003ead   Thumb Code   162  esp8266.o(i.Usart2_Init)
    Usart2_SendString                        0x08003f59   Thumb Code    44  esp8266.o(i.Usart2_SendString)
    WIFI_CWJAP                               0x08003f89   Thumb Code   124  esp8266.o(i.WIFI_CWJAP)
    __0printf                                0x08004085   Thumb Code    22  printfa.o(i.__0printf)
    __1printf                                0x08004085   Thumb Code     0  printfa.o(i.__0printf)
    __2printf                                0x08004085   Thumb Code     0  printfa.o(i.__0printf)
    __c89printf                              0x08004085   Thumb Code     0  printfa.o(i.__0printf)
    printf                                   0x08004085   Thumb Code     0  printfa.o(i.__0printf)
    __0sprintf                               0x080040a5   Thumb Code    34  printfa.o(i.__0sprintf)
    __1sprintf                               0x080040a5   Thumb Code     0  printfa.o(i.__0sprintf)
    __2sprintf                               0x080040a5   Thumb Code     0  printfa.o(i.__0sprintf)
    __c89sprintf                             0x080040a5   Thumb Code     0  printfa.o(i.__0sprintf)
    sprintf                                  0x080040a5   Thumb Code     0  printfa.o(i.__0sprintf)
    __ARM_fpclassify                         0x080040cd   Thumb Code    40  fpclassify.o(i.__ARM_fpclassify)
    __aeabi_errno_addr                       0x080040f5   Thumb Code     4  errno.o(i.__aeabi_errno_addr)
    __rt_errno_addr                          0x080040f5   Thumb Code     0  errno.o(i.__aeabi_errno_addr)
    __kernel_poly                            0x080040fd   Thumb Code   170  poly.o(i.__kernel_poly)
    __mathlib_dbl_divzero                    0x080041a9   Thumb Code    12  dunder.o(i.__mathlib_dbl_divzero)
    __mathlib_dbl_infnan2                    0x080041b9   Thumb Code     4  dunder.o(i.__mathlib_dbl_infnan2)
    __mathlib_dbl_invalid                    0x080041bd   Thumb Code    12  dunder.o(i.__mathlib_dbl_invalid)
    __mathlib_dbl_overflow                   0x080041c9   Thumb Code    14  dunder.o(i.__mathlib_dbl_overflow)
    __mathlib_dbl_underflow                  0x080041d9   Thumb Code    10  dunder.o(i.__mathlib_dbl_underflow)
    __scatterload_copy                       0x080041e9   Thumb Code    14  handlers.o(i.__scatterload_copy)
    __scatterload_null                       0x080041f7   Thumb Code     2  handlers.o(i.__scatterload_null)
    __scatterload_zeroinit                   0x080041f9   Thumb Code    14  handlers.o(i.__scatterload_zeroinit)
    __set_errno                              0x08004209   Thumb Code     6  errno.o(i.__set_errno)
    delay_init                               0x08004aa9   Thumb Code    50  delay.o(i.delay_init)
    delay_ms                                 0x08004aed   Thumb Code    72  delay.o(i.delay_ms)
    delay_us                                 0x08004b39   Thumb Code    72  delay.o(i.delay_us)
    fputc                                    0x08004b85   Thumb Code    24  usart.o(i.fputc)
    free                                     0x08004ba1   Thumb Code    76  malloc.o(i.free)
    hcsr04_NVIC                              0x08004bf1   Thumb Code    32  hc_sr04.o(i.hcsr04_NVIC)
    i2c_Ack                                  0x08004c11   Thumb Code    44  bh1750.o(i.i2c_Ack)
    i2c_NAck                                 0x08004c41   Thumb Code    36  bh1750.o(i.i2c_NAck)
    i2c_ReadByte                             0x08004c69   Thumb Code    62  bh1750.o(i.i2c_ReadByte)
    i2c_SendByte                             0x08004cad   Thumb Code    80  bh1750.o(i.i2c_SendByte)
    i2c_Start                                0x08004d01   Thumb Code    42  bh1750.o(i.i2c_Start)
    i2c_Stop                                 0x08004d31   Thumb Code    28  bh1750.o(i.i2c_Stop)
    i2c_WaitAck                              0x08004d51   Thumb Code    56  bh1750.o(i.i2c_WaitAck)
    main                                     0x08004d9d   Thumb Code   434  main.o(i.main)
    malloc                                   0x08004fed   Thumb Code    92  malloc.o(i.malloc)
    pow                                      0x08005059   Thumb Code  2512  pow.o(i.pow)
    sqrt                                     0x08005a31   Thumb Code    76  sqrt.o(i.sqrt)
    asc16                                    0x08005a7c   Data        1521  gui.o(.constdata)
    sz32                                     0x0800606d   Data        1921  gui.o(.constdata)
    hz16                                     0x080067ee   Data        1224  gui.o(.constdata)
    hz24                                     0x08006cb6   Data          74  gui.o(.constdata)
    __mathlib_zero                           0x08006d88   Data           8  qnan.o(.constdata)
    __ctype_table                            0x08006d90   Data         129  ctype_o.o(.constdata)
    Region$$Table$$Base                      0x08006e18   Number         0  anon$$obj.o(Region$$Table)
    Region$$Table$$Limit                     0x08006e38   Number         0  anon$$obj.o(Region$$Table)
    time                                     0x20000000   Data           4  main.o(.data)
    DHT11_Data                               0x20000004   Data           5  main.o(.data)
    value_light                              0x2000000c   Data           4  main.o(.data)
    value_mq2                                0x20000010   Data           4  main.o(.data)
    value_mq7                                0x20000014   Data           4  main.o(.data)
    value_sr04                               0x20000018   Data           4  main.o(.data)
    status_sr501                             0x2000001c   Data           1  main.o(.data)
    max_mq7                                  0x20000020   Data           4  main.o(.data)
    LED_Light                                0x20000024   Data           1  main.o(.data)
    SystemCoreClock                          0x20000028   Data           4  system_stm32f10x.o(.data)
    AHBPrescTable                            0x2000002c   Data          16  system_stm32f10x.o(.data)
    __stdout                                 0x20000040   Data           4  usart.o(.data)
    USART_RX_STA                             0x20000044   Data           2  usart.o(.data)
    esp8266_cnt                              0x2000005a   Data           2  esp8266.o(.data)
    esp8266_cntPre                           0x2000005c   Data           2  esp8266.o(.data)
    youren                                   0x2000005e   Data           7  onenet.o(.data)
    meiren                                   0x20000065   Data           7  onenet.o(.data)
    status_connected                         0x2000006c   Data           1  onenet.o(.data)
    ADC_ConvertedValue                       0x2000006e   Data           4  adc_dma.o(.data)
    msHcCount                                0x20000072   Data           2  hc_sr04.o(.data)
    times_mq7                                0x20000078   Data           4  mq7.o(.data)
    times_mq2                                0x20000080   Data           4  mq2.o(.data)
    __microlib_freelist                      0x20000084   Data           4  mvars.o(.data)
    __microlib_freelist_initialised          0x20000088   Data           4  mvars.o(.data)
    USART_RX_BUF                             0x20000090   Data         200  usart.o(.bss)
    esp8266_buf                              0x20000158   Data         128  esp8266.o(.bss)
    __heap_base                              0x200001d8   Data           0  startup_stm32f10x_md.o(HEAP)
    __heap_limit                             0x200003d8   Data           0  startup_stm32f10x_md.o(HEAP)
    __initial_sp                             0x200007d8   Data           0  startup_stm32f10x_md.o(STACK)



==============================================================================

Memory Map of the image

  Image Entry point : 0x08000105

  Load Region LR_1 (Base: 0x08000000, Size: 0x00006ec8, Max: 0xffffffff, ABSOLUTE)

    Execution Region ER_RO (Exec base: 0x08000000, Load base: 0x08000000, Size: 0x00006e38, Max: 0xffffffff, ABSOLUTE)

    Exec Addr    Load Addr    Size         Type   Attr      Idx    E Section Name        Object

    0x08000000   0x08000000   0x000000ec   Data   RO          425    RESET               startup_stm32f10x_md.o
    0x080000ec   0x080000ec   0x00000000   Code   RO         2882  * .ARM.Collect$$$$00000000  mc_w.l(entry.o)
    0x080000ec   0x080000ec   0x00000004   Code   RO         3245    .ARM.Collect$$$$00000001  mc_w.l(entry2.o)
    0x080000f0   0x080000f0   0x00000004   Code   RO         3248    .ARM.Collect$$$$00000004  mc_w.l(entry5.o)
    0x080000f4   0x080000f4   0x00000000   Code   RO         3250    .ARM.Collect$$$$00000008  mc_w.l(entry7b.o)
    0x080000f4   0x080000f4   0x00000000   Code   RO         3252    .ARM.Collect$$$$0000000A  mc_w.l(entry8b.o)
    0x080000f4   0x080000f4   0x00000008   Code   RO         3253    .ARM.Collect$$$$0000000B  mc_w.l(entry9a.o)
    0x080000fc   0x080000fc   0x00000004   Code   RO         3260    .ARM.Collect$$$$0000000E  mc_w.l(entry12b.o)
    0x08000100   0x08000100   0x00000000   Code   RO         3255    .ARM.Collect$$$$0000000F  mc_w.l(entry10a.o)
    0x08000100   0x08000100   0x00000000   Code   RO         3257    .ARM.Collect$$$$00000011  mc_w.l(entry11a.o)
    0x08000100   0x08000100   0x00000004   Code   RO         3246    .ARM.Collect$$$$00002712  mc_w.l(entry2.o)
    0x08000104   0x08000104   0x00000024   Code   RO          426  * .text               startup_stm32f10x_md.o
    0x08000128   0x08000128   0x00000024   Code   RO         2885    .text               mc_w.l(memcpya.o)
    0x0800014c   0x0800014c   0x00000024   Code   RO         2887    .text               mc_w.l(memseta.o)
    0x08000170   0x08000170   0x00000018   Code   RO         2889    .text               mc_w.l(strcat.o)
    0x08000188   0x08000188   0x00000024   Code   RO         2891    .text               mc_w.l(strstr.o)
    0x080001ac   0x080001ac   0x00000014   Code   RO         2893    .text               mc_w.l(strchr.o)
    0x080001c0   0x080001c0   0x0000000e   Code   RO         2895    .text               mc_w.l(strlen.o)
    0x080001ce   0x080001ce   0x00000028   Code   RO         2897    .text               mc_w.l(strncat.o)
    0x080001f6   0x080001f6   0x00000012   Code   RO         2899    .text               mc_w.l(strcpy.o)
    0x08000208   0x08000208   0x0000001a   Code   RO         3192    .text               mc_w.l(atoi.o)
    0x08000222   0x08000222   0x000000b0   Code   RO         3194    .text               mf_w.l(fadd.o)
    0x080002d2   0x080002d2   0x00000064   Code   RO         3196    .text               mf_w.l(fmul.o)
    0x08000336   0x08000336   0x0000007c   Code   RO         3198    .text               mf_w.l(fdiv.o)
    0x080003b2   0x080003b2   0x0000014e   Code   RO         3200    .text               mf_w.l(dadd.o)
    0x08000500   0x08000500   0x000000e4   Code   RO         3202    .text               mf_w.l(dmul.o)
    0x080005e4   0x080005e4   0x000000de   Code   RO         3204    .text               mf_w.l(ddiv.o)
    0x080006c2   0x080006c2   0x00000012   Code   RO         3206    .text               mf_w.l(fflti.o)
    0x080006d4   0x080006d4   0x0000000a   Code   RO         3208    .text               mf_w.l(ffltui.o)
    0x080006de   0x080006de   0x00000032   Code   RO         3210    .text               mf_w.l(ffixi.o)
    0x08000710   0x08000710   0x0000003e   Code   RO         3212    .text               mf_w.l(dfixi.o)
    0x0800074e   0x0800074e   0x00000026   Code   RO         3214    .text               mf_w.l(f2d.o)
    0x08000774   0x08000774   0x00000038   Code   RO         3216    .text               mf_w.l(d2f.o)
    0x080007ac   0x080007ac   0x0000002c   Code   RO         3261    .text               mc_w.l(uidiv.o)
    0x080007d8   0x080007d8   0x00000062   Code   RO         3263    .text               mc_w.l(uldiv.o)
    0x0800083a   0x0800083a   0x0000001e   Code   RO         3265    .text               mc_w.l(llshl.o)
    0x08000858   0x08000858   0x00000020   Code   RO         3267    .text               mc_w.l(llushr.o)
    0x08000878   0x08000878   0x00000024   Code   RO         3269    .text               mc_w.l(llsshr.o)
    0x0800089c   0x0800089c   0x00000070   Code   RO         3280    .text               mc_w.l(strtol.o)
    0x0800090c   0x0800090c   0x00000000   Code   RO         3282    .text               mc_w.l(iusefp.o)
    0x0800090c   0x0800090c   0x0000006e   Code   RO         3283    .text               mf_w.l(fepilogue.o)
    0x0800097a   0x0800097a   0x000000ba   Code   RO         3285    .text               mf_w.l(depilogue.o)
    0x08000a34   0x08000a34   0x0000002e   Code   RO         3287    .text               mf_w.l(dscalb.o)
    0x08000a62   0x08000a62   0x00000022   Code   RO         3289    .text               mf_w.l(dflti.o)
    0x08000a84   0x08000a84   0x00000030   Code   RO         3291    .text               mf_w.l(dfixul.o)
    0x08000ab4   0x08000ab4   0x00000030   Code   RO         3293    .text               mf_w.l(cdrcmple.o)
    0x08000ae4   0x08000ae4   0x00000024   Code   RO         3295    .text               mc_w.l(init.o)
    0x08000b08   0x08000b08   0x00000008   Code   RO         3297    .text               mc_w.l(ctype_o.o)
    0x08000b10   0x08000b10   0x0000009e   Code   RO         3325    .text               mc_w.l(_strtoul.o)
    0x08000bae   0x08000bae   0x000000a2   Code   RO         3327    .text               mf_w.l(dsqrt.o)
    0x08000c50   0x08000c50   0x0000001c   Code   RO         3331    .text               mc_w.l(_chval.o)
    0x08000c6c   0x08000c6c   0x00000016   Code   RO         1590    i.ADC_Cmd           stm32f10x_adc.o
    0x08000c82   0x08000c82   0x00000016   Code   RO         1591    i.ADC_DMACmd        stm32f10x_adc.o
    0x08000c98   0x08000c98   0x00000014   Code   RO         1598    i.ADC_GetCalibrationStatus  stm32f10x_adc.o
    0x08000cac   0x08000cac   0x00000014   Code   RO         1604    i.ADC_GetResetCalibrationStatus  stm32f10x_adc.o
    0x08000cc0   0x08000cc0   0x00000050   Code   RO         1608    i.ADC_Init          stm32f10x_adc.o
    0x08000d10   0x08000d10   0x000000b8   Code   RO         1612    i.ADC_RegularChannelConfig  stm32f10x_adc.o
    0x08000dc8   0x08000dc8   0x0000000a   Code   RO         1613    i.ADC_ResetCalibration  stm32f10x_adc.o
    0x08000dd2   0x08000dd2   0x00000016   Code   RO         1615    i.ADC_SoftwareStartConvCmd  stm32f10x_adc.o
    0x08000de8   0x08000de8   0x0000000a   Code   RO         1617    i.ADC_StartCalibration  stm32f10x_adc.o
    0x08000df2   0x08000df2   0x00000002   PAD
    0x08000df4   0x08000df4   0x00000024   Code   RO         2314    i.ADCx_GPIO_Config  adc_dma.o
    0x08000e18   0x08000e18   0x0000000c   Code   RO         2315    i.ADCx_Init         adc_dma.o
    0x08000e24   0x08000e24   0x000000fc   Code   RO         2316    i.ADCx_Mode_Config  adc_dma.o
    0x08000f20   0x08000f20   0x00000038   Code   RO         2848    i.BEEP_Init         beep.o
    0x08000f58   0x08000f58   0x00000032   Code   RO         2342    i.BH1750_Byte_Write  bh1750.o
    0x08000f8a   0x08000f8a   0x00000012   Code   RO         2343    i.BH1750_Init       bh1750.o
    0x08000f9c   0x08000f9c   0x0000000a   Code   RO         2345    i.BH1750_Power_ON   bh1750.o
    0x08000fa6   0x08000fa6   0x0000003a   Code   RO         2347    i.BH1750_Read_Measure  bh1750.o
    0x08000fe0   0x08000fe0   0x00000004   Code   RO          187    i.BusFault_Handler  stm32f10x_it.o
    0x08000fe4   0x08000fe4   0x00000010   Code   RO         2481    i.CloseTimerForHc   hc_sr04.o
    0x08000ff4   0x08000ff4   0x00000030   Code   RO         2448    i.DHT11_GPIO_Config  dht11.o
    0x08001024   0x08001024   0x0000001c   Code   RO         2449    i.DHT11_Mode_IPU    dht11.o
    0x08001040   0x08001040   0x00000020   Code   RO         2450    i.DHT11_Mode_Out_PP  dht11.o
    0x08001060   0x08001060   0x00000018   Code   RO          468    i.DMA_Cmd           stm32f10x_dma.o
    0x08001078   0x08001078   0x0000014c   Code   RO          469    i.DMA_DeInit        stm32f10x_dma.o
    0x080011c4   0x080011c4   0x0000003c   Code   RO          474    i.DMA_Init          stm32f10x_dma.o
    0x08001200   0x08001200   0x00000002   Code   RO          188    i.DebugMon_Handler  stm32f10x_it.o
    0x08001202   0x08001202   0x00000002   PAD
    0x08001204   0x08001204   0x0000001c   Code   RO         2006    i.ESP8266_Clear     esp8266.o
    0x08001220   0x08001220   0x00000050   Code   RO         2007    i.ESP8266_GetIPD    esp8266.o
    0x08001270   0x08001270   0x000000cc   Code   RO         2008    i.ESP8266_Init      esp8266.o
    0x0800133c   0x0800133c   0x00000050   Code   RO         2009    i.ESP8266_SendCmd   esp8266.o
    0x0800138c   0x0800138c   0x00000044   Code   RO         2010    i.ESP8266_SendData  esp8266.o
    0x080013d0   0x080013d0   0x00000034   Code   RO         2011    i.ESP8266_WaitRecive  esp8266.o
    0x08001404   0x08001404   0x0000000c   Code   RO         2774    i.GENERAL_TIM_Init  timer.o
    0x08001410   0x08001410   0x0000004c   Code   RO         2775    i.GENERAL_TIM_Mode_Config  timer.o
    0x0800145c   0x0800145c   0x00000022   Code   RO         2776    i.GENERAL_TIM_NVIC_Config  timer.o
    0x0800147e   0x0800147e   0x00000116   Code   RO          544    i.GPIO_Init         stm32f10x_gpio.o
    0x08001594   0x08001594   0x00000012   Code   RO          548    i.GPIO_ReadInputDataBit  stm32f10x_gpio.o
    0x080015a6   0x080015a6   0x00000004   Code   RO          551    i.GPIO_ResetBits    stm32f10x_gpio.o
    0x080015aa   0x080015aa   0x00000004   Code   RO          552    i.GPIO_SetBits      stm32f10x_gpio.o
    0x080015ae   0x080015ae   0x0000000a   Code   RO          555    i.GPIO_WriteBit     stm32f10x_gpio.o
    0x080015b8   0x080015b8   0x0000004a   Code   RO         2695    i.GUI_DrawRectangle  gui.o
    0x08001602   0x08001602   0x00000002   PAD
    0x08001604   0x08001604   0x00000034   Code   RO         2482    i.GetEchoTimer      hc_sr04.o
    0x08001638   0x08001638   0x0000002c   Code   RO         2579    i.Get_ADCValue_MQ2  mq2.o
    0x08001664   0x08001664   0x0000002c   Code   RO         2548    i.Get_ADCValue_MQ7  mq7.o
    0x08001690   0x08001690   0x00000194   Code   RO         2697    i.Gui_DrawFont_GBK16  gui.o
    0x08001824   0x08001824   0x000001f0   Code   RO         2698    i.Gui_DrawFont_GBK24  gui.o
    0x08001a14   0x08001a14   0x000000ba   Code   RO         2700    i.Gui_DrawLine      gui.o
    0x08001ace   0x08001ace   0x00000020   Code   RO         2606    i.Gui_DrawPoint     lcd.o
    0x08001aee   0x08001aee   0x00000004   Code   RO          189    i.HardFault_Handler  stm32f10x_it.o
    0x08001af2   0x08001af2   0x00000002   PAD
    0x08001af4   0x08001af4   0x000000cc   Code   RO            1    i.Hardware_Init     main.o
    0x08001bc0   0x08001bc0   0x000000a8   Code   RO         2483    i.Hcsr04GetLength   hc_sr04.o
    0x08001c68   0x08001c68   0x000000a0   Code   RO         2484    i.Hcsr04Init        hc_sr04.o
    0x08001d08   0x08001d08   0x00000030   Code   RO         2348    i.I2C_BH1750_GPIOConfig  bh1750.o
    0x08001d38   0x08001d38   0x00000028   Code   RO         2836    i.KEY_Init          key.o
    0x08001d60   0x08001d60   0x00000032   Code   RO         2607    i.LCD_Clear         lcd.o
    0x08001d92   0x08001d92   0x00000002   PAD
    0x08001d94   0x08001d94   0x0000002c   Code   RO         2608    i.LCD_GPIO_Init     lcd.o
    0x08001dc0   0x08001dc0   0x00000222   Code   RO         2609    i.LCD_Init          lcd.o
    0x08001fe2   0x08001fe2   0x00000010   Code   RO         2611    i.LCD_Reset         lcd.o
    0x08001ff2   0x08001ff2   0x00000056   Code   RO         2612    i.LCD_SetRegion     lcd.o
    0x08002048   0x08002048   0x00000014   Code   RO         2613    i.LCD_SetXY         lcd.o
    0x0800205c   0x0800205c   0x00000028   Code   RO         2614    i.LCD_WriteData     lcd.o
    0x08002084   0x08002084   0x00000030   Code   RO         2615    i.LCD_WriteData_16Bit  lcd.o
    0x080020b4   0x080020b4   0x00000028   Code   RO         2616    i.LCD_WriteIndex    lcd.o
    0x080020dc   0x080020dc   0x00000038   Code   RO         2824    i.LED_Init          led.o
    0x08002114   0x08002114   0x00000024   Code   RO         2349    i.LIght_Intensity   bh1750.o
    0x08002138   0x08002138   0x00000118   Code   RO         2580    i.MQ2_GetPPM        mq2.o
    0x08002250   0x08002250   0x000000ec   Code   RO         2549    i.MQ7_GetPPM        mq7.o
    0x0800233c   0x0800233c   0x00000048   Code   RO         2550    i.MQ7_PPM_Calibration  mq7.o
    0x08002384   0x08002384   0x0000001c   Code   RO         2092    i.MQTT_DeleteBuffer  mqttkit.o
    0x080023a0   0x080023a0   0x0000002e   Code   RO         2093    i.MQTT_DumpLength   mqttkit.o
    0x080023ce   0x080023ce   0x00000058   Code   RO         2094    i.MQTT_NewBuffer    mqttkit.o
    0x08002426   0x08002426   0x00000002   PAD
    0x08002428   0x08002428   0x0000008c   Code   RO         2095    i.MQTT_PacketCmdResp  mqttkit.o
    0x080024b4   0x080024b4   0x000002a0   Code   RO         2096    i.MQTT_PacketConnect  mqttkit.o
    0x08002754   0x08002754   0x000001a2   Code   RO         2099    i.MQTT_PacketPublish  mqttkit.o
    0x080028f6   0x080028f6   0x00000002   PAD
    0x080028f8   0x080028f8   0x0000005c   Code   RO         2105    i.MQTT_PacketSaveData  mqttkit.o
    0x08002954   0x08002954   0x00000046   Code   RO         2108    i.MQTT_ReadLength   mqttkit.o
    0x0800299a   0x0800299a   0x0000008c   Code   RO         2109    i.MQTT_UnPacketCmd  mqttkit.o
    0x08002a26   0x08002a26   0x0000001e   Code   RO         2110    i.MQTT_UnPacketConnectAck  mqttkit.o
    0x08002a44   0x08002a44   0x0000001e   Code   RO         2112    i.MQTT_UnPacketPublishAck  mqttkit.o
    0x08002a62   0x08002a62   0x00000002   PAD
    0x08002a64   0x08002a64   0x00000074   Code   RO         2116    i.MQTT_UnPacketRecv  mqttkit.o
    0x08002ad8   0x08002ad8   0x00000004   Code   RO          190    i.MemManage_Handler  stm32f10x_it.o
    0x08002adc   0x08002adc   0x00000002   Code   RO          191    i.NMI_Handler       stm32f10x_it.o
    0x08002ade   0x08002ade   0x00000002   PAD
    0x08002ae0   0x08002ae0   0x00000070   Code   RO          430    i.NVIC_Init         misc.o
    0x08002b50   0x08002b50   0x00000014   Code   RO          431    i.NVIC_PriorityGroupConfig  misc.o
    0x08002b64   0x08002b64   0x00000050   Code   RO            2    i.Net_Init          main.o
    0x08002bb4   0x08002bb4   0x00000244   Code   RO         2276    i.OneNet_DevLink    onenet.o
    0x08002df8   0x08002df8   0x00000210   Code   RO         2277    i.OneNet_FillBuf    onenet.o
    0x08003008   0x08003008   0x0000015c   Code   RO         2278    i.OneNet_RevPro     onenet.o
    0x08003164   0x08003164   0x00000098   Code   RO         2279    i.OneNet_SendData   onenet.o
    0x080031fc   0x080031fc   0x00000024   Code   RO         2485    i.OpenTimerForHc    hc_sr04.o
    0x08003220   0x08003220   0x00000014   Code   RO         2796    i.PWM_Control       pwm.o
    0x08003234   0x08003234   0x0000002c   Code   RO         2797    i.PWM_TIM_GPIO_Config  pwm.o
    0x08003260   0x08003260   0x0000000c   Code   RO         2798    i.PWM_TIM_Init      pwm.o
    0x0800326c   0x0800326c   0x00000068   Code   RO         2799    i.PWM_TIM_Mode_Config  pwm.o
    0x080032d4   0x080032d4   0x00000002   Code   RO          192    i.PendSV_Handler    stm32f10x_it.o
    0x080032d6   0x080032d6   0x00000002   PAD
    0x080032d8   0x080032d8   0x00000018   Code   RO         1806    i.RCC_ADCCLKConfig  stm32f10x_rcc.o
    0x080032f0   0x080032f0   0x00000020   Code   RO         1807    i.RCC_AHBPeriphClockCmd  stm32f10x_rcc.o
    0x08003310   0x08003310   0x00000020   Code   RO         1808    i.RCC_APB1PeriphClockCmd  stm32f10x_rcc.o
    0x08003330   0x08003330   0x00000020   Code   RO         1809    i.RCC_APB1PeriphResetCmd  stm32f10x_rcc.o
    0x08003350   0x08003350   0x00000020   Code   RO         1810    i.RCC_APB2PeriphClockCmd  stm32f10x_rcc.o
    0x08003370   0x08003370   0x00000020   Code   RO         1811    i.RCC_APB2PeriphResetCmd  stm32f10x_rcc.o
    0x08003390   0x08003390   0x000000d4   Code   RO         1818    i.RCC_GetClocksFreq  stm32f10x_rcc.o
    0x08003464   0x08003464   0x00000060   Code   RO         2451    i.Read_Byte         dht11.o
    0x080034c4   0x080034c4   0x000000a0   Code   RO         2452    i.Read_DHT11        dht11.o
    0x08003564   0x08003564   0x00000040   Code   RO         2618    i.SPI_WriteData     lcd.o
    0x080035a4   0x080035a4   0x00000018   Code   RO         2530    i.SR501_Check       hc_sr501.o
    0x080035bc   0x080035bc   0x00000024   Code   RO         2531    i.SR501_Init        hc_sr501.o
    0x080035e0   0x080035e0   0x00000002   Code   RO          193    i.SVC_Handler       stm32f10x_it.o
    0x080035e2   0x080035e2   0x00000008   Code   RO          283    i.SetSysClock       system_stm32f10x.o
    0x080035ea   0x080035ea   0x00000002   PAD
    0x080035ec   0x080035ec   0x000000e0   Code   RO          284    i.SetSysClockTo72   system_stm32f10x.o
    0x080036cc   0x080036cc   0x00000028   Code   RO          434    i.SysTick_CLKSourceConfig  misc.o
    0x080036f4   0x080036f4   0x00000060   Code   RO          286    i.SystemInit        system_stm32f10x.o
    0x08003754   0x08003754   0x00000040   Code   RO          195    i.TIM2_IRQHandler   stm32f10x_it.o
    0x08003794   0x08003794   0x00000028   Code   RO         2486    i.TIM4_IRQHandler   hc_sr04.o
    0x080037bc   0x080037bc   0x00000006   Code   RO          866    i.TIM_ClearFlag     stm32f10x_tim.o
    0x080037c2   0x080037c2   0x00000006   Code   RO          867    i.TIM_ClearITPendingBit  stm32f10x_tim.o
    0x080037c8   0x080037c8   0x00000018   Code   RO          872    i.TIM_Cmd           stm32f10x_tim.o
    0x080037e0   0x080037e0   0x000001e8   Code   RO          877    i.TIM_DeInit        stm32f10x_tim.o
    0x080039c8   0x080039c8   0x00000006   Code   RO          891    i.TIM_GetCounter    stm32f10x_tim.o
    0x080039ce   0x080039ce   0x00000022   Code   RO          893    i.TIM_GetITStatus   stm32f10x_tim.o
    0x080039f0   0x080039f0   0x00000012   Code   RO          897    i.TIM_ITConfig      stm32f10x_tim.o
    0x08003a02   0x08003a02   0x00000002   PAD
    0x08003a04   0x08003a04   0x000000a0   Code   RO          911    i.TIM_OC3Init       stm32f10x_tim.o
    0x08003aa4   0x08003aa4   0x00000012   Code   RO          914    i.TIM_OC3PreloadConfig  stm32f10x_tim.o
    0x08003ab6   0x08003ab6   0x00000004   Code   RO          935    i.TIM_SetCompare3   stm32f10x_tim.o
    0x08003aba   0x08003aba   0x00000004   Code   RO          937    i.TIM_SetCounter    stm32f10x_tim.o
    0x08003abe   0x08003abe   0x00000002   PAD
    0x08003ac0   0x08003ac0   0x000000a4   Code   RO          943    i.TIM_TimeBaseInit  stm32f10x_tim.o
    0x08003b64   0x08003b64   0x00000088   Code   RO          372    i.USART1_IRQHandler  usart.o
    0x08003bec   0x08003bec   0x0000004c   Code   RO         2012    i.USART2_IRQHandler  esp8266.o
    0x08003c38   0x08003c38   0x00000012   Code   RO         1404    i.USART_ClearFlag   stm32f10x_usart.o
    0x08003c4a   0x08003c4a   0x00000018   Code   RO         1408    i.USART_Cmd         stm32f10x_usart.o
    0x08003c62   0x08003c62   0x0000001a   Code   RO         1411    i.USART_GetFlagStatus  stm32f10x_usart.o
    0x08003c7c   0x08003c7c   0x00000054   Code   RO         1412    i.USART_GetITStatus  stm32f10x_usart.o
    0x08003cd0   0x08003cd0   0x0000004a   Code   RO         1414    i.USART_ITConfig    stm32f10x_usart.o
    0x08003d1a   0x08003d1a   0x00000002   PAD
    0x08003d1c   0x08003d1c   0x000000d8   Code   RO         1415    i.USART_Init        stm32f10x_usart.o
    0x08003df4   0x08003df4   0x0000000a   Code   RO         1422    i.USART_ReceiveData  stm32f10x_usart.o
    0x08003dfe   0x08003dfe   0x00000008   Code   RO         1425    i.USART_SendData    stm32f10x_usart.o
    0x08003e06   0x08003e06   0x00000004   Code   RO          196    i.UsageFault_Handler  stm32f10x_it.o
    0x08003e0a   0x08003e0a   0x00000002   PAD
    0x08003e0c   0x08003e0c   0x000000a0   Code   RO          373    i.Usart1_Init       usart.o
    0x08003eac   0x08003eac   0x000000ac   Code   RO         2013    i.Usart2_Init       esp8266.o
    0x08003f58   0x08003f58   0x00000030   Code   RO         2014    i.Usart2_SendString  esp8266.o
    0x08003f88   0x08003f88   0x000000fc   Code   RO         2015    i.WIFI_CWJAP        esp8266.o
    0x08004084   0x08004084   0x00000020   Code   RO         3136    i.__0printf         mc_w.l(printfa.o)
    0x080040a4   0x080040a4   0x00000028   Code   RO         3138    i.__0sprintf        mc_w.l(printfa.o)
    0x080040cc   0x080040cc   0x00000028   Code   RO         3232    i.__ARM_fpclassify  m_ws.l(fpclassify.o)
    0x080040f4   0x080040f4   0x00000008   Code   RO         3273    i.__aeabi_errno_addr  mc_w.l(errno.o)
    0x080040fc   0x080040fc   0x000000aa   Code   RO         3234    i.__kernel_poly     m_ws.l(poly.o)
    0x080041a6   0x080041a6   0x00000002   PAD
    0x080041a8   0x080041a8   0x00000010   Code   RO         3218    i.__mathlib_dbl_divzero  m_ws.l(dunder.o)
    0x080041b8   0x080041b8   0x00000004   Code   RO         3220    i.__mathlib_dbl_infnan2  m_ws.l(dunder.o)
    0x080041bc   0x080041bc   0x0000000c   Code   RO         3221    i.__mathlib_dbl_invalid  m_ws.l(dunder.o)
    0x080041c8   0x080041c8   0x0000000e   Code   RO         3222    i.__mathlib_dbl_overflow  m_ws.l(dunder.o)
    0x080041d6   0x080041d6   0x00000002   PAD
    0x080041d8   0x080041d8   0x00000010   Code   RO         3224    i.__mathlib_dbl_underflow  m_ws.l(dunder.o)
    0x080041e8   0x080041e8   0x0000000e   Code   RO         3335    i.__scatterload_copy  mc_w.l(handlers.o)
    0x080041f6   0x080041f6   0x00000002   Code   RO         3336    i.__scatterload_null  mc_w.l(handlers.o)
    0x080041f8   0x080041f8   0x0000000e   Code   RO         3337    i.__scatterload_zeroinit  mc_w.l(handlers.o)
    0x08004206   0x08004206   0x00000002   PAD
    0x08004208   0x08004208   0x0000000c   Code   RO         3275    i.__set_errno       mc_w.l(errno.o)
    0x08004214   0x08004214   0x00000184   Code   RO         3143    i._fp_digits        mc_w.l(printfa.o)
    0x08004398   0x08004398   0x000006b4   Code   RO         3144    i._printf_core      mc_w.l(printfa.o)
    0x08004a4c   0x08004a4c   0x00000024   Code   RO         3145    i._printf_post_padding  mc_w.l(printfa.o)
    0x08004a70   0x08004a70   0x0000002e   Code   RO         3146    i._printf_pre_padding  mc_w.l(printfa.o)
    0x08004a9e   0x08004a9e   0x0000000a   Code   RO         3148    i._sputc            mc_w.l(printfa.o)
    0x08004aa8   0x08004aa8   0x00000044   Code   RO          317    i.delay_init        delay.o
    0x08004aec   0x08004aec   0x0000004c   Code   RO          318    i.delay_ms          delay.o
    0x08004b38   0x08004b38   0x0000004c   Code   RO          319    i.delay_us          delay.o
    0x08004b84   0x08004b84   0x0000001c   Code   RO          375    i.fputc             usart.o
    0x08004ba0   0x08004ba0   0x00000050   Code   RO         3164    i.free              mc_w.l(malloc.o)
    0x08004bf0   0x08004bf0   0x00000020   Code   RO         2487    i.hcsr04_NVIC       hc_sr04.o
    0x08004c10   0x08004c10   0x00000030   Code   RO         2350    i.i2c_Ack           bh1750.o
    0x08004c40   0x08004c40   0x00000028   Code   RO         2352    i.i2c_NAck          bh1750.o
    0x08004c68   0x08004c68   0x00000044   Code   RO         2353    i.i2c_ReadByte      bh1750.o
    0x08004cac   0x08004cac   0x00000054   Code   RO         2354    i.i2c_SendByte      bh1750.o
    0x08004d00   0x08004d00   0x00000030   Code   RO         2355    i.i2c_Start         bh1750.o
    0x08004d30   0x08004d30   0x00000020   Code   RO         2356    i.i2c_Stop          bh1750.o
    0x08004d50   0x08004d50   0x0000003c   Code   RO         2357    i.i2c_WaitAck       bh1750.o
    0x08004d8c   0x08004d8c   0x0000000e   Code   RO         2358    i.i2c_delay         bh1750.o
    0x08004d9a   0x08004d9a   0x00000002   PAD
    0x08004d9c   0x08004d9c   0x00000250   Code   RO            3    i.main              main.o
    0x08004fec   0x08004fec   0x0000006c   Code   RO         3165    i.malloc            mc_w.l(malloc.o)
    0x08005058   0x08005058   0x000009d8   Code   RO         2873    i.pow               m_ws.l(pow.o)
    0x08005a30   0x08005a30   0x0000004c   Code   RO         3238    i.sqrt              m_ws.l(sqrt.o)
    0x08005a7c   0x08005a7c   0x00001284   Data   RO         2704    .constdata          gui.o
    0x08006d00   0x08006d00   0x00000088   Data   RO         2874    .constdata          m_ws.l(pow.o)
    0x08006d88   0x08006d88   0x00000008   Data   RO         3236    .constdata          m_ws.l(qnan.o)
    0x08006d90   0x08006d90   0x00000081   Data   RO         3298    .constdata          mc_w.l(ctype_o.o)
    0x08006e11   0x08006e11   0x00000003   PAD
    0x08006e14   0x08006e14   0x00000004   Data   RO         3299    .constdata          mc_w.l(ctype_o.o)
    0x08006e18   0x08006e18   0x00000020   Data   RO         3333    Region$$Table       anon$$obj.o


    Execution Region ER_RW (Exec base: 0x20000000, Load base: 0x08006e38, Size: 0x00000090, Max: 0xffffffff, ABSOLUTE)

    Exec Addr    Load Addr    Size         Type   Attr      Idx    E Section Name        Object

    0x20000000   0x08006e38   0x00000025   Data   RW            4    .data               main.o
    0x20000025   0x08006e5d   0x00000003   PAD
    0x20000028   0x08006e60   0x00000014   Data   RW          287    .data               system_stm32f10x.o
    0x2000003c   0x08006e74   0x00000004   Data   RW          320    .data               delay.o
    0x20000040   0x08006e78   0x00000006   Data   RW          377    .data               usart.o
    0x20000046   0x08006e7e   0x00000014   Data   RW         1838    .data               stm32f10x_rcc.o
    0x2000005a   0x08006e92   0x00000004   Data   RW         2018    .data               esp8266.o
    0x2000005e   0x08006e96   0x0000000f   Data   RW         2280    .data               onenet.o
    0x2000006d   0x08006ea5   0x00000001   PAD
    0x2000006e   0x08006ea6   0x00000004   Data   RW         2317    .data               adc_dma.o
    0x20000072   0x08006eaa   0x00000002   Data   RW         2488    .data               hc_sr04.o
    0x20000074   0x08006eac   0x00000008   Data   RW         2551    .data               mq7.o
    0x2000007c   0x08006eb4   0x00000008   Data   RW         2582    .data               mq2.o
    0x20000084   0x08006ebc   0x00000004   Data   RW         3271    .data               mc_w.l(mvars.o)
    0x20000088   0x08006ec0   0x00000004   Data   RW         3272    .data               mc_w.l(mvars.o)
    0x2000008c   0x08006ec4   0x00000004   Data   RW         3276    .data               mc_w.l(errno.o)


    Execution Region ER_ZI (Exec base: 0x20000090, Load base: 0x08006ec8, Size: 0x00000748, Max: 0xffffffff, ABSOLUTE)

    Exec Addr    Load Addr    Size         Type   Attr      Idx    E Section Name        Object

    0x20000090        -       0x000000c8   Zero   RW          376    .bss                usart.o
    0x20000158        -       0x00000080   Zero   RW         2017    .bss                esp8266.o
    0x200001d8        -       0x00000200   Zero   RW          424    HEAP                startup_stm32f10x_md.o
    0x200003d8        -       0x00000400   Zero   RW          423    STACK               startup_stm32f10x_md.o


==============================================================================

Image component sizes


      Code (inc. data)   RO Data    RW Data    ZI Data      Debug   Object Name

       300         16          0          4          0       2317   adc_dma.o
        56         10          0          0          0        520   beep.o
       614         42          0          0          0       7544   bh1750.o
       220         26          0          4          0       1831   delay.o
       364         24          0          0          0       3081   dht11.o
      1060        304          0          4        128       7370   esp8266.o
      1160         20       4740          0          0       5348   gui.o
       504         58          0          2          0       4090   hc_sr04.o
        60          8          0          0          0       1083   hc_sr501.o
        40          6          0          0          0        507   key.o
       986         24          0          0          0       6546   lcd.o
        56          6          0          0          0        515   led.o
       876        238          0         37          0     273506   main.o
       172         22          0          0          0       2161   misc.o
       324         54          0          8          0       1460   mq2.o
       352         64          0          8          0       2014   mq7.o
      1870         28          0          0          0      12973   mqttkit.o
      1608        670          0         15          0       5213   onenet.o
       180         18          0          0          0       2125   pwm.o
        36          8        236          0       1536        808   startup_stm32f10x_md.o
       390         10          0          0          0       7669   stm32f10x_adc.o
       416          8          0          0          0       3526   stm32f10x_dma.o
       314          0          0          0          0       4404   stm32f10x_gpio.o
        88         12          0          0          0       3994   stm32f10x_it.o
       396         56          0         20          0       6935   stm32f10x_rcc.o
       932        116          0          0          0       8144   stm32f10x_tim.o
       460          6          0          0          0       6975   stm32f10x_usart.o
         0          0          0          0          0         32   sys.o
       328         28          0         20          0       2217   system_stm32f10x.o
       122          0          0          0          0       1527   timer.o
       324         26          0          6        200       3790   usart.o

    ----------------------------------------------------------------------
     14640       1908       5008        132       1864     390225   Object Totals
         0          0         32          0          0          0   (incl. Generated)
        32          0          0          4          0          0   (incl. Padding)

    ----------------------------------------------------------------------

      Code (inc. data)   RO Data    RW Data    ZI Data      Debug   Library Member Name

        62         10          0          0          0        340   dunder.o
        40          0          0          0          0         68   fpclassify.o
       170          0          0          0          0         96   poly.o
      2520        190        136          0          0        324   pow.o
         0          0          8          0          0          0   qnan.o
        76          0          0          0          0         84   sqrt.o
        28          0          0          0          0         68   _chval.o
       158          0          0          0          0         92   _strtoul.o
        26          0          0          0          0         80   atoi.o
         8          4        133          0          0         68   ctype_o.o
         0          0          0          0          0          0   entry.o
         0          0          0          0          0          0   entry10a.o
         0          0          0          0          0          0   entry11a.o
         4          0          0          0          0          0   entry12b.o
         8          4          0          0          0          0   entry2.o
         4          0          0          0          0          0   entry5.o
         0          0          0          0          0          0   entry7b.o
         0          0          0          0          0          0   entry8b.o
         8          4          0          0          0          0   entry9a.o
        20         10          0          4          0        136   errno.o
        30          0          0          0          0          0   handlers.o
        36          8          0          0          0         68   init.o
         0          0          0          0          0          0   iusefp.o
        30          0          0          0          0         68   llshl.o
        36          0          0          0          0         68   llsshr.o
        32          0          0          0          0         68   llushr.o
       188         20          0          0          0        160   malloc.o
        36          0          0          0          0         68   memcpya.o
        36          0          0          0          0        108   memseta.o
         0          0          0          8          0          0   mvars.o
      2268         96          0          0          0        616   printfa.o
        24          0          0          0          0         68   strcat.o
        20          0          0          0          0         68   strchr.o
        18          0          0          0          0         68   strcpy.o
        14          0          0          0          0         68   strlen.o
        40          0          0          0          0         76   strncat.o
        36          0          0          0          0         80   strstr.o
       112          0          0          0          0         88   strtol.o
        44          0          0          0          0         80   uidiv.o
        98          0          0          0          0         92   uldiv.o
        48          0          0          0          0         68   cdrcmple.o
        56          0          0          0          0         88   d2f.o
       334          0          0          0          0        148   dadd.o
       222          0          0          0          0        100   ddiv.o
       186          0          0          0          0        176   depilogue.o
        62          0          0          0          0         80   dfixi.o
        48          0          0          0          0         68   dfixul.o
        34          0          0          0          0         76   dflti.o
       228          0          0          0          0         96   dmul.o
        46          0          0          0          0         80   dscalb.o
       162          0          0          0          0        100   dsqrt.o
        38          0          0          0          0         68   f2d.o
       176          0          0          0          0        140   fadd.o
       124          0          0          0          0         88   fdiv.o
       110          0          0          0          0        168   fepilogue.o
        50          0          0          0          0         68   ffixi.o
        18          0          0          0          0         68   fflti.o
        10          0          0          0          0         68   ffltui.o
       100          0          0          0          0         76   fmul.o

    ----------------------------------------------------------------------
      8288        346        280         12          0       5092   Library Totals
         6          0          3          0          0          0   (incl. Padding)

    ----------------------------------------------------------------------

      Code (inc. data)   RO Data    RW Data    ZI Data      Debug   Library Name

      2868        200        144          0          0        912   m_ws.l
      3362        146        133         12          0       2356   mc_w.l
      2052          0          0          0          0       1824   mf_w.l

    ----------------------------------------------------------------------
      8288        346        280         12          0       5092   Library Totals

    ----------------------------------------------------------------------

==============================================================================


      Code (inc. data)   RO Data    RW Data    ZI Data      Debug   

     22928       2254       5288        144       1864     384757   Grand Totals
     22928       2254       5288        144       1864     384757   ELF Image Totals
     22928       2254       5288        144          0          0   ROM Totals

==============================================================================

    Total RO  Size (Code + RO Data)                28216 (  27.55kB)
    Total RW  Size (RW Data + ZI Data)              2008 (   1.96kB)
    Total ROM Size (Code + RO Data + RW Data)      28360 (  27.70kB)

==============================================================================

